scanned 1/1048576 a=0.300000 c=2.000000 status=ok word=10101010 elapsed=0.2s rate=4.81/s eta=217984.0s
scanned 6578/1048576 a=0.301466 c=4.116325 status=ok word=10100101 elapsed=30.2s rate=217.74/s eta=4785.5s
scanned 13154/1048576 a=0.302933 c=6.227761 status=ok word=11010111 elapsed=60.2s rate=218.46/s eta=4739.7s
scanned 19289/1048576 a=0.304399 c=6.183773 status=ok word=00111010 elapsed=90.2s rate=213.81/s eta=4814.1s
scanned 25803/1048576 a=0.306109 c=2.987292 status=ok word=10101010 elapsed=120.2s rate=214.63/s eta=4765.2s
scanned 32284/1048576 a=0.307576 c=4.634409 status=ok word=00101011 elapsed=150.2s rate=214.91/s eta=4728.9s
scanned 38760/1048576 a=0.309042 c=6.257087 status=ok word=01000011 elapsed=180.2s rate=215.07/s eta=4695.3s
scanned 45329/1048576 a=0.310753 c=3.329423 status=ok word=01100110 elapsed=210.2s rate=215.63/s eta=4652.7s
scanned 51666/1048576 a=0.312219 c=4.272727 status=ok word=01101100 elapsed=240.2s rate=215.08/s eta=4635.1s
scanned 57889/1048576 a=0.313685 c=4.658847 status=ok word=00100100 elapsed=270.2s rate=214.23/s eta=4624.5s
scanned 64070/1048576 a=0.315152 c=4.839687 status=ok word=01110100 elapsed=300.2s rate=213.40/s eta=4613.4s
scanned 70036/1048576 a=0.316618 c=3.969697 status=ok word=01001011 elapsed=330.2s rate=212.08/s eta=4614.0s
scanned 74964/1048576 a=0.317840 c=3.031281 status=ok word=01100110 elapsed=360.2s rate=208.09/s eta=4678.7s
scanned 79537/1048576 a=0.318817 c=5.362659 status=ok word=10101000 elapsed=390.2s rate=203.81/s eta=4754.6s
scanned 84141/1048576 a=0.320039 c=2.840665 status=ok word=10101010 elapsed=420.3s rate=200.21/s eta=4817.0s
scanned 88975/1048576 a=0.321017 c=6.447703 status=ok word=00011001 elapsed=450.3s rate=197.61/s eta=4856.1s
scanned 93755/1048576 a=0.322239 c=4.785924 status=ok word=01100110 elapsed=480.3s rate=195.21/s eta=4891.2s
scanned 98688/1048576 a=0.323460 c=3.871945 status=ok word=10100101 elapsed=510.3s rate=193.40/s eta=4911.4s
scanned 103703/1048576 a=0.324682 c=3.358749 status=ok word=10010110 elapsed=540.3s rate=191.94/s eta=4922.6s
scanned 108909/1048576 a=0.325904 c=3.779081 status=ok word=10100110 elapsed=570.3s rate=190.97/s eta=4920.4s
scanned 113812/1048576 a=0.327126 c=2.718475 status=ok word=10101010 elapsed=600.3s rate=189.60/s eta=4930.3s
scanned 118730/1048576 a=0.328104 c=6.736070 status=ok word=01100110 elapsed=630.3s rate=188.38/s eta=4936.1s
scanned 123961/1048576 a=0.329570 c=2.273705 status=ok word=10101010 elapsed=660.3s rate=187.74/s eta=4925.0s
scanned 129224/1048576 a=0.330792 c=2.972630 status=ok word=10011001 elapsed=690.3s rate=187.20/s eta=4911.0s
scanned 134617/1048576 a=0.332014 c=4.306940 status=ok word=10100110 elapsed=720.3s rate=186.89/s eta=4890.3s
scanned 139939/1048576 a=0.333236 c=5.294233 status=ok word=01111100 elapsed=750.3s rate=186.51/s eta=4871.8s
scanned 145207/1048576 a=0.334457 c=6.017595 status=ok word=11001011 elapsed=780.3s rate=186.09/s eta=4854.4s
scanned 150448/1048576 a=0.335679 c=6.608993 status=ok word=11001001 elapsed=810.3s rate=185.67/s eta=4837.3s
scanned 155591/1048576 a=0.336901 c=6.721408 status=ok word=10111001 elapsed=840.3s rate=185.16/s eta=4822.8s
scanned 160695/1048576 a=0.338123 c=6.643206 status=ok word=10111001 elapsed=870.3s rate=184.64/s eta=4808.7s
scanned 165783/1048576 a=0.339345 c=6.486804 status=ok word=00001000 elapsed=900.3s rate=184.14/s eta=4794.2s
scanned 170991/1048576 a=0.340567 c=6.916911 status=ok word=00101001 elapsed=930.3s rate=183.80/s eta=4774.8s
scanned 176066/1048576 a=0.341789 c=6.696970 status=ok word=00111001 elapsed=960.3s rate=183.34/s eta=4759.0s
scanned 181063/1048576 a=0.343011 c=6.095797 status=ok word=00000100 elapsed=990.3s rate=182.83/s eta=4744.9s
scanned 186320/1048576 a=0.344233 c=6.765396 status=ok word=11000111 elapsed=1020.3s rate=182.61/s eta=4721.9s
scanned 191488/1048576 a=0.345455 c=7.000000 status=ok word=01000111 elapsed=1050.3s rate=182.31/s eta=4701.2s
scanned 196728/1048576 a=0.346921 c=2.581623 status=ok word=11001100 elapsed=1080.3s rate=182.10/s eta=4678.0s
scanned 202030/1048576 a=0.348143 c=3.471163 status=ok word=01001101 elapsed=1110.3s rate=181.95/s eta=4652.5s
scanned 207339/1048576 a=0.349365 c=4.394917 status=ok word=01111101 elapsed=1140.3s rate=181.82/s eta=4626.7s
scanned 212708/1048576 a=0.350587 c=5.611926 status=ok word=11100000 elapsed=1170.4s rate=181.75/s eta=4599.1s
scanned 218008/1048576 a=0.351808 c=6.491691 status=ok word=11000000 elapsed=1200.4s rate=181.62/s eta=4573.1s
scanned 223275/1048576 a=0.353275 c=2.205279 status=ok word=10101010 elapsed=1230.4s rate=181.47/s eta=4547.8s
scanned 228622/1048576 a=0.354497 c=3.314761 status=ok word=10110010 elapsed=1260.4s rate=181.39/s eta=4520.3s
scanned 234042/1048576 a=0.355718 c=4.781036 status=ok word=00100001 elapsed=1290.4s rate=181.38/s eta=4490.8s
scanned 239347/1048576 a=0.356940 c=5.685239 status=ok word=00110001 elapsed=1320.4s rate=181.27/s eta=4464.1s
scanned 244617/1048576 a=0.358162 c=6.418377 status=ok word=01110000 elapsed=1350.4s rate=181.15/s eta=4438.1s
scanned 249997/1048576 a=0.359629 c=2.684262 status=ok word=11001100 elapsed=1380.4s rate=181.11/s eta=4409.4s
scanned 254845/1048576 a=0.360606 c=6.359726 status=ok word=10000100 elapsed=1410.4s rate=180.69/s eta=4392.7s
scanned 259912/1048576 a=0.361828 c=6.100684 status=ok word=11100001 elapsed=1440.4s rate=180.45/s eta=4370.6s
scanned 265076/1048576 a=0.363050 c=6.315738 status=ok word=11110011 elapsed=1470.4s rate=180.28/s eta=4346.1s
scanned 270554/1048576 a=0.364516 c=3.060606 status=ok word=10011010 elapsed=1500.4s rate=180.32/s eta=4314.6s
scanned 275929/1048576 a=0.365738 c=4.306940 status=ok word=11110000 elapsed=1530.4s rate=180.30/s eta=4285.3s
scanned 281236/1048576 a=0.366960 c=5.220919 status=ok word=11000100 elapsed=1560.4s rate=180.23/s eta=4257.5s
scanned 286596/1048576 a=0.368182 c=6.393939 status=ok word=11111111 elapsed=1590.4s rate=180.20/s eta=4228.4s
scanned 291737/1048576 a=0.369404 c=6.496579 status=ok word=00000000 elapsed=1620.4s rate=180.04/s eta=4203.7s
scanned 297118/1048576 a=0.370870 c=2.767351 status=ok word=11010010 elapsed=1650.4s rate=180.03/s eta=4174.1s
scanned 302560/1048576 a=0.372092 c=4.341153 status=ok word=11100011 elapsed=1680.4s rate=180.05/s eta=4143.3s
scanned 307981/1048576 a=0.373314 c=5.812317 status=ok word=00001100 elapsed=1710.4s rate=180.06/s eta=4113.0s
scanned 313508/1048576 a=0.374780 c=2.796676 status=ok word=00110011 elapsed=1740.4s rate=180.13/s eta=4080.7s
scanned 319095/1048576 a=0.376002 c=5.079179 status=ok word=11111110 elapsed=1770.4s rate=180.24/s eta=4047.3s
scanned 324635/1048576 a=0.377468 c=2.127077 status=ok word=10101010 elapsed=1800.4s rate=180.31/s eta=4015.0s
scanned 330064/1048576 a=0.378690 c=3.637341 status=ok word=11111110 elapsed=1830.4s rate=180.32/s eta=3984.6s
scanned 335526/1048576 a=0.379912 c=5.308895 status=ok word=00000000 elapsed=1860.4s rate=180.35/s eta=3953.7s
scanned 341047/1048576 a=0.381378 c=2.263930 status=ok word=00110011 elapsed=1890.4s rate=180.41/s eta=3921.8s
scanned 346479/1048576 a=0.382600 c=3.788856 status=ok word=11100011 elapsed=1920.4s rate=180.42/s eta=3891.5s
scanned 352441/1048576 a=0.384066 c=2.899316 status=ok word=00110100 elapsed=1950.4s rate=180.70/s eta=3852.5s
scanned 358176/1048576 a=0.385288 c=5.905181 status=ok word=11001100 elapsed=1980.4s rate=180.86/s eta=3817.4s
scanned 363335/1048576 a=0.386510 c=6.095797 status=ok word=11100110 elapsed=2010.4s rate=180.72/s eta=3791.7s
scanned 369271/1048576 a=0.387977 c=5.079179 status=ok word=11111111 elapsed=2040.5s rate=180.98/s eta=3753.6s
scanned 375613/1048576 a=0.389443 c=6.046921 status=ok word=01111110 elapsed=2070.5s rate=181.42/s eta=3709.5s
scanned 381921/1048576 a=0.390909 c=6.848485 status=ok word=11111100 elapsed=2100.5s rate=181.83/s eta=3666.4s
scanned 388351/1048576 a=0.392620 c=3.241447 status=ok word=00111000 elapsed=2130.5s rate=182.29/s eta=3621.9s
scanned 394881/1048576 a=0.394086 c=5.128055 status=ok word=10011001 elapsed=2160.5s rate=182.78/s eta=3576.5s
scanned 401359/1048576 a=0.395552 c=6.760508 status=ok word=00011101 elapsed=2190.5s rate=183.23/s eta=3532.3s
scanned 408342/1048576 a=0.397263 c=5.856305 status=ok word=10111110 elapsed=2220.5s rate=183.90/s eta=3481.4s
scanned 415115/1048576 a=0.398974 c=3.925709 status=ok word=10000000 elapsed=2250.5s rate=184.46/s eta=3434.2s
scanned 421907/1048576 a=0.400684 c=2.087977 status=ok word=01001011 elapsed=2280.5s rate=185.01/s eta=3387.2s
scanned 428829/1048576 a=0.402151 c=5.890518 status=ok word=01101001 elapsed=2310.5s rate=185.60/s eta=3339.1s
scanned 435535/1048576 a=0.403861 c=3.632454 status=ok word=01110010 elapsed=2340.5s rate=186.09/s eta=3294.4s
scanned 442122/1048576 a=0.405327 c=5.797654 status=ok word=10010001 elapsed=2370.5s rate=186.51/s eta=3251.6s
scanned 448610/1048576 a=0.407038 c=2.474096 status=ok word=00110011 elapsed=2400.5s rate=186.88/s eta=3210.4s
scanned 455130/1048576 a=0.408504 c=4.311828 status=ok word=11111111 elapsed=2430.5s rate=187.26/s eta=3169.1s
scanned 461510/1048576 a=0.409971 c=5.465298 status=ok word=00010000 elapsed=2460.5s rate=187.57/s eta=3129.9s
scanned 467976/1048576 a=0.411681 c=2.034213 status=ok word=01010101 elapsed=2490.5s rate=187.90/s eta=3089.9s
scanned 474370/1048576 a=0.413148 c=3.256109 status=ok word=01101111 elapsed=2520.5s rate=188.20/s eta=3051.0s
scanned 480769/1048576 a=0.414614 c=4.502444 status=ok word=00110011 elapsed=2550.5s rate=188.50/s eta=3012.2s
scanned 487160/1048576 a=0.416080 c=5.709677 status=ok word=11001011 elapsed=2580.5s rate=188.78/s eta=2973.8s
scanned 493534/1048576 a=0.417546 c=6.833822 status=ok word=00100001 elapsed=2610.5s rate=189.06/s eta=2935.9s
scanned 499897/1048576 a=0.419257 c=2.899316 status=ok word=00110000 elapsed=2640.5s rate=189.32/s eta=2898.2s
scanned 506203/1048576 a=0.420723 c=3.691105 status=ok word=11111111 elapsed=2670.5s rate=189.55/s eta=2861.3s
scanned 512235/1048576 a=0.422190 c=3.143695 status=ok word=11101011 elapsed=2700.5s rate=189.68/s eta=2827.6s
scanned 518321/1048576 a=0.423656 c=2.860215 status=ok word=01110000 elapsed=2730.5s rate=189.82/s eta=2793.4s
scanned 524358/1048576 a=0.425122 c=2.337243 status=ok word=00110011 elapsed=2760.5s rate=189.95/s eta=2759.8s
scanned 530797/1048576 a=0.426588 c=3.779081 status=ok word=10000111 elapsed=2790.6s rate=190.21/s eta=2722.1s
scanned 537348/1048576 a=0.428055 c=5.768328 status=ok word=00000011 elapsed=2820.6s rate=190.51/s eta=2683.4s
scanned 543798/1048576 a=0.429765 c=2.259042 status=ok word=11111111 elapsed=2850.6s rate=190.77/s eta=2646.0s
scanned 550373/1048576 a=0.431232 c=4.365591 status=ok word=01000001 elapsed=2880.6s rate=191.06/s eta=2607.5s
scanned 557066/1048576 a=0.432942 c=2.043988 status=ok word=10011001 elapsed=2910.6s rate=191.39/s eta=2568.0s
scanned 563670/1048576 a=0.434409 c=4.292278 status=ok word=11100000 elapsed=2940.6s rate=191.69/s eta=2529.7s
scanned 570209/1048576 a=0.435875 c=6.222874 status=ok word=11110011 elapsed=2970.6s rate=191.95/s eta=2492.1s
scanned 576440/1048576 a=0.437341 c=6.648094 status=ok word=10000111 elapsed=3000.6s rate=192.11/s eta=2457.6s
scanned 583157/1048576 a=0.439052 c=4.443793 status=ok word=00000111 elapsed=3030.6s rate=192.42/s eta=2418.7s
scanned 589893/1048576 a=0.440762 c=2.332356 status=ok word=11111111 elapsed=3060.6s rate=192.74/s eta=2379.8s
scanned 596066/1048576 a=0.442229 c=2.474096 status=ok word=11111111 elapsed=3090.6s rate=192.86/s eta=2346.3s
scanned 602339/1048576 a=0.443695 c=3.104594 status=ok word=00111110 elapsed=3120.6s rate=193.02/s eta=2311.9s
scanned 608133/1048576 a=0.444917 c=6.398827 status=ok word=11111110 elapsed=3150.6s rate=193.02/s eta=2281.8s
scanned 614284/1048576 a=0.446383 c=6.433040 status=ok word=11110000 elapsed=3180.6s rate=193.13/s eta=2248.7s
scanned 620963/1048576 a=0.448094 c=4.043011 status=ok word=00100001 elapsed=3210.6s rate=193.41/s eta=2210.9s
scanned 626927/1048576 a=0.449560 c=3.163245 status=ok word=11110011 elapsed=3240.6s rate=193.46/s eta=2179.5s
scanned 633459/1048576 a=0.451026 c=5.059629 status=ok word=11100111 elapsed=3270.6s rate=193.68/s eta=2143.3s
scanned 639787/1048576 a=0.452493 c=5.958944 status=ok word=11000000 elapsed=3300.6s rate=193.84/s eta=2108.9s
scanned 645992/1048576 a=0.453959 c=6.257087 status=ok word=11111111 elapsed=3330.6s rate=193.96/s eta=2075.7s
scanned 652477/1048576 a=0.455670 c=2.918866 status=ok word=00000110 elapsed=3360.6s rate=194.15/s eta=2040.1s
scanned 659025/1048576 a=0.457136 c=4.893451 status=ok word=10100111 elapsed=3390.6s rate=194.37/s eta=2004.2s
scanned 665556/1048576 a=0.458602 c=6.784946 status=ok word=00001000 elapsed=3420.6s rate=194.57/s eta=1968.5s
scanned 671909/1048576 a=0.460313 c=2.801564 status=ok word=00110011 elapsed=3450.6s rate=194.72/s eta=1934.4s
scanned 678633/1048576 a=0.461779 c=5.636364 status=ok word=00000001 elapsed=3480.6s rate=194.97/s eta=1897.4s
scanned 685599/1048576 a=0.463490 c=4.649071 status=ok word=11100000 elapsed=3510.6s rate=195.29/s eta=1858.6s
scanned 692470/1048576 a=0.465200 c=3.197458 status=ok word=10011101 elapsed=3540.6s rate=195.58/s eta=1820.8s
scanned 699604/1048576 a=0.466911 c=3.031281 status=ok word=01001110 elapsed=3570.6s rate=195.93/s eta=1781.1s
scanned 706792/1048576 a=0.468622 c=3.129032 status=ok word=00000111 elapsed=3600.7s rate=196.30/s eta=1741.2s
scanned 713753/1048576 a=0.470332 c=2.117302 status=ok word=10111011 elapsed=3630.7s rate=196.59/s eta=1703.1s
scanned 720334/1048576 a=0.471799 c=4.253177 status=ok word=00000111 elapsed=3660.7s rate=196.78/s eta=1668.1s
scanned 727519/1048576 a=0.473509 c=4.336266 status=ok word=00001000 elapsed=3690.7s rate=197.12/s eta=1628.7s
scanned 734665/1048576 a=0.475220 c=4.228739 status=ok word=01111100 elapsed=3720.7s rate=197.46/s eta=1589.8s
scanned 741992/1048576 a=0.476931 c=5.005865 status=ok word=11111111 elapsed=3750.7s rate=197.83/s eta=1549.7s
scanned 749665/1048576 a=0.478886 c=2.469208 status=ok word=11000011 elapsed=3780.7s rate=198.29/s eta=1507.5s
scanned 757754/1048576 a=0.480596 c=6.970674 status=max_time word= elapsed=3810.7s rate=198.85/s eta=1462.5s
scanned 765545/1048576 a=0.482551 c=5.010753 status=max_time word= elapsed=3840.7s rate=199.33/s eta=1419.9s
scanned 773454/1048576 a=0.484506 c=3.627566 status=ok word=10111000 elapsed=3870.7s rate=199.82/s eta=1376.8s
scanned 781844/1048576 a=0.486461 c=4.595308 status=ok word=00000000 elapsed=3900.7s rate=200.44/s eta=1330.7s
scanned 790843/1048576 a=0.488661 c=3.534702 status=ok word=11100000 elapsed=3930.7s rate=201.20/s eta=1281.0s
scanned 800934/1048576 a=0.491105 c=2.806452 status=ok word=00111011 elapsed=3960.7s rate=202.22/s eta=1224.6s
scanned 811409/1048576 a=0.493548 c=3.955034 status=max_time word= elapsed=3990.7s rate=203.32/s eta=1166.4s
scanned 822584/1048576 a=0.496237 c=3.520039 status=max_time word= elapsed=4020.7s rate=204.59/s eta=1104.6s
scanned 834738/1048576 a=0.499169 c=2.865103 status=ok word=00000110 elapsed=4050.7s rate=206.07/s eta=1037.7s
scanned 847597/1048576 a=0.502102 c=5.655914 status=max_time word= elapsed=4080.7s rate=207.71/s eta=967.6s
scanned 861325/1048576 a=0.505523 c=2.684262 status=ok word=11011100 elapsed=4110.7s rate=209.53/s eta=893.7s
scanned 875772/1048576 a=0.508944 c=3.226784 status=ok word=00111100 elapsed=4140.7s rate=211.50/s eta=817.0s
scanned 890010/1048576 a=0.512366 c=2.747801 status=ok word=01111111 elapsed=4170.7s rate=213.39/s eta=743.1s
scanned 905849/1048576 a=0.516031 c=5.088954 status=max_time word= elapsed=4200.7s rate=215.64/s eta=661.9s
scanned 922883/1048576 a=0.520186 c=3.260997 status=max_time word= elapsed=4230.7s rate=218.14/s eta=576.2s
scanned 941243/1048576 a=0.524585 c=2.909091 status=max_time word=000000 elapsed=4260.8s rate=220.91/s eta=485.9s
scanned 961756/1048576 a=0.529472 c=3.070381 status=max_time word= elapsed=4290.8s rate=224.15/s eta=387.3s
scanned 983196/1048576 a=0.534604 c=2.757576 status=max_time word= elapsed=4320.8s rate=227.55/s eta=287.3s
scanned 1005859/1048576 a=0.539980 c=3.417400 status=max_time word= elapsed=4350.8s rate=231.19/s eta=184.8s
scanned 1031164/1048576 a=0.545846 c=6.980450 status=max_time word= elapsed=4380.8s rate=235.39/s eta=74.0s
scanned 1048576/1048576 a=0.550000 c=7.000000 status=max_time word= elapsed=4400.6s rate=238.28/s eta=0.0s
loaded flow_folding/results/rossler_y_minima_tangent_scan_1024/coarse_scan.tsv: points=1048576 ok=792166 grid=1024x1024 word_length=8 seconds=4.452
wrote flow_folding/results/rossler_y_minima_tangent_scan_1024/contours/coarse_scan_symbol01_contours.png segments=629777 seconds=4.763
wrote flow_folding/results/rossler_y_minima_tangent_scan_1024/contours/coarse_scan_symbol02_contours.png segments=631628 seconds=4.592
wrote flow_folding/results/rossler_y_minima_tangent_scan_1024/contours/coarse_scan_symbol03_contours.png segments=633960 seconds=4.704
wrote flow_folding/results/rossler_y_minima_tangent_scan_1024/contours/coarse_scan_symbol04_contours.png segments=634121 seconds=5.095
wrote flow_folding/results/rossler_y_minima_tangent_scan_1024/contours/coarse_scan_symbol05_contours.png segments=635697 seconds=4.821
wrote flow_folding/results/rossler_y_minima_tangent_scan_1024/contours/coarse_scan_symbol06_contours.png segments=634956 seconds=4.664
wrote flow_folding/results/rossler_y_minima_tangent_scan_1024/contours/coarse_scan_symbol07_contours.png segments=634424 seconds=4.733
wrote flow_folding/results/rossler_y_minima_tangent_scan_1024/contours/coarse_scan_symbol08_contours.png segments=635888 seconds=4.395
wrote flow_folding/results/rossler_y_minima_tangent_scan_1024/contours/coarse_scan_all_symbol_contours.png seconds=35.891
wrote flow_folding/results/rossler_y_minima_tangent_scan_1024/contours/coarse_scan_prefix01_contours.png segments=498354 seconds=2.682
wrote flow_folding/results/rossler_y_minima_tangent_scan_1024/contours/coarse_scan_prefix02_contours.png segments=260987 seconds=1.934
wrote flow_folding/results/rossler_y_minima_tangent_scan_1024/contours/coarse_scan_prefix03_contours.png segments=140274 seconds=1.503
wrote flow_folding/results/rossler_y_minima_tangent_scan_1024/contours/coarse_scan_prefix04_contours.png segments=89531 seconds=1.149
wrote flow_folding/results/rossler_y_minima_tangent_scan_1024/contours/coarse_scan_prefix05_contours.png segments=67052 seconds=0.830
wrote flow_folding/results/rossler_y_minima_tangent_scan_1024/contours/coarse_scan_prefix06_contours.png segments=57144 seconds=0.765
wrote flow_folding/results/rossler_y_minima_tangent_scan_1024/contours/coarse_scan_prefix07_contours.png segments=51709 seconds=0.709
wrote flow_folding/results/rossler_y_minima_tangent_scan_1024/contours/coarse_scan_prefix08_contours.png segments=48805 seconds=0.736
wrote flow_folding/results/rossler_y_minima_tangent_scan_1024/contours/coarse_scan_word_boundary_contours.png seconds=0.761
wrote PNG contours in flow_folding/results/rossler_y_minima_tangent_scan_1024/contours
wrote flow_folding/results/rossler_y_minima_tangent_scan_1024/coarse_scan.tsv
skipped docs data /Users/carterhinsley/Documents/Dev/MultimodalMaps.jl/flow_folding/examples/../docs/rossler_y_minima_tangent_scan_data.js
wrote flow_folding/results/rossler_y_minima_tangent_scan_1024/coarse_scan_runtime.tsv
wrote contours in flow_folding/results/rossler_y_minima_tangent_scan_1024/contours
ok points: 792166/1048576
scan runtime: 4400.547 s
contour step runtime: 90.831 s
total runtime: 4500.324 s
