Running attempt-011 contour scan.
Grid: 500 ΔCa points × 500 Δx points
Julia threads: 6, output tag: grid500_seq7_prefixes, max sequence length: 7
T0 continuation refinement steps: 5, Ca-window: 0.003
Column checkpoint directory: /Users/carterhinsley/Documents/Dev/MultimodalMaps.jl/kneading/experiment/attempt-011/grid500_seq7_prefixes_columns
Saved column 1/500 (ΔCa=-45.000000) with 316/500 successful points in 260.59 s
Saved column 85/500 (ΔCa=-40.791583) with 483/500 successful points in 266.58 s
Saved column 169/500 (ΔCa=-36.583166) with 489/500 successful points in 273.85 s
Saved column 252/500 (ΔCa=-32.424850) with 500/500 successful points in 278.39 s
Saved column 335/500 (ΔCa=-28.266533) with 500/500 successful points in 285.57 s
Saved column 418/500 (ΔCa=-24.108216) with 500/500 successful points in 289.39 s
Saved column 2/500 (ΔCa=-44.949900) with 332/500 successful points in 45.98 s
Saved column 86/500 (ΔCa=-40.741483) with 484/500 successful points in 51.80 s
Saved column 170/500 (ΔCa=-36.533066) with 491/500 successful points in 55.22 s
Saved column 253/500 (ΔCa=-32.374749) with 500/500 successful points in 57.09 s
Saved column 336/500 (ΔCa=-28.216433) with 500/500 successful points in 60.87 s
Saved column 3/500 (ΔCa=-44.899800) with 336/500 successful points in 40.64 s
Saved column 419/500 (ΔCa=-24.058116) with 500/500 successful points in 63.46 s
Saved column 87/500 (ΔCa=-40.691383) with 477/500 successful points in 46.17 s
Saved column 171/500 (ΔCa=-36.482966) with 493/500 successful points in 52.02 s
Saved column 4/500 (ΔCa=-44.849699) with 352/500 successful points in 39.22 s
Saved column 254/500 (ΔCa=-32.324649) with 500/500 successful points in 54.62 s
Saved column 337/500 (ΔCa=-28.166333) with 500/500 successful points in 59.97 s
Saved column 88/500 (ΔCa=-40.641283) with 477/500 successful points in 46.67 s
Saved column 420/500 (ΔCa=-24.008016) with 500/500 successful points in 64.37 s
Saved column 5/500 (ΔCa=-44.799599) with 364/500 successful points in 40.39 s
Saved column 172/500 (ΔCa=-36.432866) with 495/500 successful points in 52.48 s
Saved column 255/500 (ΔCa=-32.274549) with 500/500 successful points in 55.00 s
Saved column 89/500 (ΔCa=-40.591182) with 478/500 successful points in 47.07 s
Saved column 338/500 (ΔCa=-28.116232) with 500/500 successful points in 60.61 s
Saved column 6/500 (ΔCa=-44.749499) with 366/500 successful points in 42.16 s
Saved column 421/500 (ΔCa=-23.957916) with 500/500 successful points in 65.05 s
Saved column 173/500 (ΔCa=-36.382766) with 490/500 successful points in 53.29 s
Saved column 256/500 (ΔCa=-32.224449) with 500/500 successful points in 54.76 s
Saved column 90/500 (ΔCa=-40.541082) with 477/500 successful points in 47.06 s
Saved column 7/500 (ΔCa=-44.699399) with 383/500 successful points in 41.93 s
Saved column 339/500 (ΔCa=-28.066132) with 500/500 successful points in 63.31 s
Saved column 174/500 (ΔCa=-36.332665) with 492/500 successful points in 57.15 s
Saved column 422/500 (ΔCa=-23.907816) with 500/500 successful points in 68.71 s
Saved column 91/500 (ΔCa=-40.490982) with 478/500 successful points in 51.36 s
Saved column 8/500 (ΔCa=-44.649299) with 385/500 successful points in 45.55 s
Saved column 257/500 (ΔCa=-32.174349) with 500/500 successful points in 59.61 s
Saved column 340/500 (ΔCa=-28.016032) with 500/500 successful points in 61.82 s
Saved column 175/500 (ΔCa=-36.282565) with 494/500 successful points in 52.52 s
Saved column 9/500 (ΔCa=-44.599198) with 394/500 successful points in 42.14 s
Saved column 92/500 (ΔCa=-40.440882) with 478/500 successful points in 46.98 s
Saved column 258/500 (ΔCa=-32.124248) with 500/500 successful points in 55.12 s
Saved column 423/500 (ΔCa=-23.857715) with 500/500 successful points in 64.09 s
Saved column 10/500 (ΔCa=-44.549098) with 402/500 successful points in 42.36 s
Saved column 176/500 (ΔCa=-36.232465) with 496/500 successful points in 51.95 s
Saved column 93/500 (ΔCa=-40.390782) with 473/500 successful points in 46.78 s
Saved column 341/500 (ΔCa=-27.965932) with 500/500 successful points in 59.87 s
Saved column 259/500 (ΔCa=-32.074148) with 500/500 successful points in 54.37 s
Saved column 424/500 (ΔCa=-23.807615) with 500/500 successful points in 63.95 s
Saved column 11/500 (ΔCa=-44.498998) with 409/500 successful points in 42.68 s
Saved column 94/500 (ΔCa=-40.340681) with 472/500 successful points in 46.70 s
Saved column 177/500 (ΔCa=-36.182365) with 499/500 successful points in 51.34 s
Saved column 342/500 (ΔCa=-27.915832) with 500/500 successful points in 59.02 s
Saved column 260/500 (ΔCa=-32.024048) with 500/500 successful points in 55.49 s
Saved column 12/500 (ΔCa=-44.448898) with 417/500 successful points in 43.14 s
Saved column 425/500 (ΔCa=-23.757515) with 500/500 successful points in 64.20 s
Saved column 95/500 (ΔCa=-40.290581) with 472/500 successful points in 47.15 s
Saved column 178/500 (ΔCa=-36.132265) with 500/500 successful points in 51.17 s
Saved column 13/500 (ΔCa=-44.398798) with 425/500 successful points in 43.26 s
Saved column 343/500 (ΔCa=-27.865731) with 500/500 successful points in 59.63 s
Saved column 261/500 (ΔCa=-31.973948) with 500/500 successful points in 55.20 s
Saved column 96/500 (ΔCa=-40.240481) with 466/500 successful points in 46.86 s
Saved column 179/500 (ΔCa=-36.082164) with 496/500 successful points in 50.81 s
Saved column 426/500 (ΔCa=-23.707415) with 500/500 successful points in 63.66 s
Saved column 14/500 (ΔCa=-44.348697) with 433/500 successful points in 43.69 s
Saved column 344/500 (ΔCa=-27.815631) with 500/500 successful points in 58.91 s
Saved column 262/500 (ΔCa=-31.923848) with 500/500 successful points in 55.34 s
Saved column 97/500 (ΔCa=-40.190381) with 468/500 successful points in 47.80 s
Saved column 180/500 (ΔCa=-36.032064) with 499/500 successful points in 50.94 s
Saved column 15/500 (ΔCa=-44.298597) with 448/500 successful points in 42.64 s
Saved column 427/500 (ΔCa=-23.657315) with 500/500 successful points in 63.53 s
Saved column 98/500 (ΔCa=-40.140281) with 460/500 successful points in 47.42 s
Saved column 345/500 (ΔCa=-27.765531) with 500/500 successful points in 57.96 s
Saved column 263/500 (ΔCa=-31.873747) with 500/500 successful points in 54.56 s
Saved column 16/500 (ΔCa=-44.248497) with 456/500 successful points in 42.89 s
Saved column 181/500 (ΔCa=-35.981964) with 500/500 successful points in 51.37 s
Saved column 99/500 (ΔCa=-40.090180) with 462/500 successful points in 48.13 s
Saved column 428/500 (ΔCa=-23.607214) with 500/500 successful points in 63.63 s
Saved column 17/500 (ΔCa=-44.198397) with 465/500 successful points in 43.29 s
Saved column 264/500 (ΔCa=-31.823647) with 500/500 successful points in 56.53 s
Saved column 346/500 (ΔCa=-27.715431) with 500/500 successful points in 60.10 s
Saved column 182/500 (ΔCa=-35.931864) with 500/500 successful points in 51.34 s
Saved column 100/500 (ΔCa=-40.040080) with 456/500 successful points in 49.37 s
Saved column 18/500 (ΔCa=-44.148297) with 473/500 successful points in 43.75 s
Saved column 429/500 (ΔCa=-23.557114) with 500/500 successful points in 65.80 s
Saved column 265/500 (ΔCa=-31.773547) with 500/500 successful points in 56.53 s
Saved column 347/500 (ΔCa=-27.665331) with 500/500 successful points in 60.13 s
Saved column 183/500 (ΔCa=-35.881764) with 497/500 successful points in 52.48 s
Saved column 19/500 (ΔCa=-44.098196) with 479/500 successful points in 43.20 s
Saved column 101/500 (ΔCa=-39.989980) with 453/500 successful points in 48.77 s
Saved column 266/500 (ΔCa=-31.723447) with 500/500 successful points in 57.05 s
Saved column 184/500 (ΔCa=-35.831663) with 498/500 successful points in 52.94 s
Saved column 430/500 (ΔCa=-23.507014) with 500/500 successful points in 65.09 s
Saved column 348/500 (ΔCa=-27.615230) with 500/500 successful points in 60.26 s
Saved column 20/500 (ΔCa=-44.048096) with 488/500 successful points in 44.79 s
Saved column 102/500 (ΔCa=-39.939880) with 448/500 successful points in 49.34 s
Saved column 185/500 (ΔCa=-35.781563) with 500/500 successful points in 52.78 s
Saved column 267/500 (ΔCa=-31.673347) with 500/500 successful points in 56.75 s
Saved column 21/500 (ΔCa=-43.997996) with 496/500 successful points in 43.53 s
Saved column 349/500 (ΔCa=-27.565130) with 500/500 successful points in 60.12 s
Saved column 431/500 (ΔCa=-23.456914) with 500/500 successful points in 64.81 s
Saved column 103/500 (ΔCa=-39.889780) with 449/500 successful points in 49.08 s
Saved column 22/500 (ΔCa=-43.947896) with 487/500 successful points in 44.67 s
Saved column 186/500 (ΔCa=-35.731463) with 500/500 successful points in 51.18 s
Saved column 268/500 (ΔCa=-31.623246) with 500/500 successful points in 56.69 s
Saved column 104/500 (ΔCa=-39.839679) with 442/500 successful points in 49.71 s
Saved column 350/500 (ΔCa=-27.515030) with 500/500 successful points in 60.36 s
Saved column 432/500 (ΔCa=-23.406814) with 500/500 successful points in 64.88 s
Saved column 23/500 (ΔCa=-43.897796) with 484/500 successful points in 45.65 s
Saved column 187/500 (ΔCa=-35.681363) with 500/500 successful points in 52.00 s
Saved column 269/500 (ΔCa=-31.573146) with 500/500 successful points in 58.82 s
Saved column 105/500 (ΔCa=-39.789579) with 442/500 successful points in 51.83 s
Saved column 351/500 (ΔCa=-27.464930) with 500/500 successful points in 64.38 s
Saved column 24/500 (ΔCa=-43.847695) with 483/500 successful points in 49.92 s
Saved column 433/500 (ΔCa=-23.356713) with 500/500 successful points in 68.80 s
Saved column 188/500 (ΔCa=-35.631263) with 500/500 successful points in 56.00 s
Saved column 106/500 (ΔCa=-39.739479) with 441/500 successful points in 80.37 s
Saved column 270/500 (ΔCa=-31.523046) with 500/500 successful points in 89.53 s
Saved column 25/500 (ΔCa=-43.797595) with 484/500 successful points in 79.79 s
Saved column 352/500 (ΔCa=-27.414830) with 500/500 successful points in 97.02 s
Saved column 189/500 (ΔCa=-35.581162) with 499/500 successful points in 89.39 s
Saved column 434/500 (ΔCa=-23.306613) with 500/500 successful points in 102.50 s
Saved column 107/500 (ΔCa=-39.689379) with 435/500 successful points in 59.96 s
Saved column 271/500 (ΔCa=-31.472946) with 500/500 successful points in 63.69 s
Saved column 26/500 (ΔCa=-43.747495) with 477/500 successful points in 49.91 s
Saved column 353/500 (ΔCa=-27.364729) with 500/500 successful points in 60.17 s
Saved column 190/500 (ΔCa=-35.531062) with 500/500 successful points in 50.29 s
Saved column 108/500 (ΔCa=-39.639279) with 434/500 successful points in 49.10 s
Saved column 435/500 (ΔCa=-23.256513) with 500/500 successful points in 62.72 s
Saved column 27/500 (ΔCa=-43.697395) with 477/500 successful points in 45.28 s
Saved column 272/500 (ΔCa=-31.422846) with 500/500 successful points in 55.53 s
Saved column 191/500 (ΔCa=-35.480962) with 500/500 successful points in 51.27 s
Saved column 354/500 (ΔCa=-27.314629) with 500/500 successful points in 59.11 s
Saved column 109/500 (ΔCa=-39.589178) with 430/500 successful points in 48.73 s
Saved column 28/500 (ΔCa=-43.647295) with 476/500 successful points in 45.69 s
Saved column 436/500 (ΔCa=-23.206413) with 500/500 successful points in 62.56 s
Saved column 273/500 (ΔCa=-31.372745) with 500/500 successful points in 55.69 s
Saved column 192/500 (ΔCa=-35.430862) with 500/500 successful points in 52.12 s
Saved column 110/500 (ΔCa=-39.539078) with 424/500 successful points in 49.11 s
Saved column 29/500 (ΔCa=-43.597194) with 479/500 successful points in 45.48 s
Saved column 355/500 (ΔCa=-27.264529) with 500/500 successful points in 58.24 s
Saved column 274/500 (ΔCa=-31.322645) with 500/500 successful points in 56.38 s
Saved column 437/500 (ΔCa=-23.156313) with 500/500 successful points in 62.39 s
Saved column 193/500 (ΔCa=-35.380762) with 500/500 successful points in 53.50 s
Saved column 111/500 (ΔCa=-39.488978) with 423/500 successful points in 50.62 s
Saved column 30/500 (ΔCa=-43.547094) with 479/500 successful points in 47.03 s
Saved column 356/500 (ΔCa=-27.214429) with 500/500 successful points in 62.95 s
Saved column 275/500 (ΔCa=-31.272545) with 500/500 successful points in 109.09 s
Saved column 438/500 (ΔCa=-23.106212) with 500/500 successful points in 122.16 s
Saved column 31/500 (ΔCa=-43.496994) with 477/500 successful points in 108.49 s
Saved column 112/500 (ΔCa=-39.438878) with 418/500 successful points in 111.43 s
Saved column 194/500 (ΔCa=-35.330661) with 500/500 successful points in 116.12 s
Saved column 357/500 (ΔCa=-27.164329) with 500/500 successful points in 139.12 s
Saved column 276/500 (ΔCa=-31.222445) with 500/500 successful points in 92.36 s
Saved column 32/500 (ΔCa=-43.446894) with 471/500 successful points in 77.52 s
Saved column 113/500 (ΔCa=-39.388778) with 413/500 successful points in 77.85 s
Saved column 195/500 (ΔCa=-35.280561) with 500/500 successful points in 80.60 s
Saved column 439/500 (ΔCa=-23.056112) with 500/500 successful points in 94.45 s
Saved column 358/500 (ΔCa=-27.114228) with 500/500 successful points in 77.15 s
Saved column 33/500 (ΔCa=-43.396794) with 472/500 successful points in 61.24 s
Saved column 114/500 (ΔCa=-39.338677) with 407/500 successful points in 63.79 s
Saved column 277/500 (ΔCa=-31.172345) with 500/500 successful points in 71.84 s
Saved column 196/500 (ΔCa=-35.230461) with 500/500 successful points in 68.71 s
Saved column 440/500 (ΔCa=-23.006012) with 500/500 successful points in 77.25 s
Saved column 34/500 (ΔCa=-43.346693) with 472/500 successful points in 54.69 s
Saved column 359/500 (ΔCa=-27.064128) with 500/500 successful points in 69.93 s
Saved column 115/500 (ΔCa=-39.288577) with 400/500 successful points in 58.30 s
Saved column 278/500 (ΔCa=-31.122244) with 500/500 successful points in 64.70 s
Saved column 197/500 (ΔCa=-35.180361) with 500/500 successful points in 57.82 s
Saved column 441/500 (ΔCa=-22.955912) with 500/500 successful points in 120.00 s
Saved column 35/500 (ΔCa=-43.296593) with 472/500 successful points in 121.64 s
Saved column 116/500 (ΔCa=-39.238477) with 395/500 successful points in 129.36 s
Saved column 360/500 (ΔCa=-27.014028) with 500/500 successful points in 141.82 s
Saved column 198/500 (ΔCa=-35.130261) with 500/500 successful points in 136.96 s
Saved column 279/500 (ΔCa=-31.072144) with 500/500 successful points in 142.83 s
Saved column 36/500 (ΔCa=-43.246493) with 472/500 successful points in 70.26 s
Saved column 442/500 (ΔCa=-22.905812) with 500/500 successful points in 107.73 s
Saved column 117/500 (ΔCa=-39.188377) with 389/500 successful points in 76.51 s
Saved column 199/500 (ΔCa=-35.080160) with 500/500 successful points in 72.40 s
Saved column 361/500 (ΔCa=-26.963928) with 500/500 successful points in 84.66 s
Saved column 280/500 (ΔCa=-31.022044) with 500/500 successful points in 77.10 s
Saved column 37/500 (ΔCa=-43.196393) with 473/500 successful points in 57.06 s
Saved column 118/500 (ΔCa=-39.138277) with 382/500 successful points in 55.49 s
Saved column 443/500 (ΔCa=-22.855711) with 500/500 successful points in 70.21 s
Saved column 200/500 (ΔCa=-35.030060) with 500/500 successful points in 58.02 s
Saved column 362/500 (ΔCa=-26.913828) with 500/500 successful points in 66.75 s
Saved column 38/500 (ΔCa=-43.146293) with 473/500 successful points in 49.96 s
Saved column 281/500 (ΔCa=-30.971944) with 500/500 successful points in 62.47 s
Saved column 119/500 (ΔCa=-39.088176) with 375/500 successful points in 57.29 s
Saved column 444/500 (ΔCa=-22.805611) with 500/500 successful points in 68.33 s
Saved column 201/500 (ΔCa=-34.979960) with 500/500 successful points in 58.94 s
Saved column 39/500 (ΔCa=-43.096192) with 473/500 successful points in 51.26 s
Saved column 363/500 (ΔCa=-26.863727) with 500/500 successful points in 67.04 s
Saved column 282/500 (ΔCa=-30.921844) with 500/500 successful points in 64.21 s
Saved column 120/500 (ΔCa=-39.038076) with 369/500 successful points in 53.93 s
Saved column 40/500 (ΔCa=-43.046092) with 473/500 successful points in 49.31 s
Saved column 202/500 (ΔCa=-34.929860) with 500/500 successful points in 56.82 s
Saved column 445/500 (ΔCa=-22.755511) with 500/500 successful points in 65.85 s
Saved column 283/500 (ΔCa=-30.871743) with 500/500 successful points in 61.65 s
Saved column 364/500 (ΔCa=-26.813627) with 500/500 successful points in 64.37 s
Saved column 121/500 (ΔCa=-38.987976) with 369/500 successful points in 53.86 s
Saved column 41/500 (ΔCa=-42.995992) with 474/500 successful points in 48.90 s
Saved column 203/500 (ΔCa=-34.879760) with 500/500 successful points in 57.11 s
Saved column 446/500 (ΔCa=-22.705411) with 500/500 successful points in 67.76 s
Saved column 284/500 (ΔCa=-30.821643) with 500/500 successful points in 65.62 s
Saved column 122/500 (ΔCa=-38.937876) with 363/500 successful points in 58.31 s
Saved column 365/500 (ΔCa=-26.763527) with 500/500 successful points in 68.46 s
Saved column 42/500 (ΔCa=-42.945892) with 472/500 successful points in 52.68 s
Saved column 204/500 (ΔCa=-34.829659) with 500/500 successful points in 61.86 s
Saved column 447/500 (ΔCa=-22.655311) with 500/500 successful points in 70.75 s
Saved column 123/500 (ΔCa=-38.887776) with 357/500 successful points in 58.96 s
Saved column 43/500 (ΔCa=-42.895792) with 474/500 successful points in 53.36 s
Saved column 285/500 (ΔCa=-30.771543) with 500/500 successful points in 68.51 s
Saved column 366/500 (ΔCa=-26.713427) with 500/500 successful points in 71.28 s
Saved column 205/500 (ΔCa=-34.779559) with 500/500 successful points in 65.12 s
Saved column 44/500 (ΔCa=-42.845691) with 475/500 successful points in 54.61 s
Saved column 124/500 (ΔCa=-38.837675) with 352/500 successful points in 62.12 s
Saved column 448/500 (ΔCa=-22.605210) with 500/500 successful points in 73.12 s
Saved column 286/500 (ΔCa=-30.721443) with 500/500 successful points in 70.60 s
Saved column 367/500 (ΔCa=-26.663327) with 500/500 successful points in 74.19 s
Saved column 206/500 (ΔCa=-34.729459) with 500/500 successful points in 65.18 s
Saved column 45/500 (ΔCa=-42.795591) with 474/500 successful points in 60.52 s
Saved column 125/500 (ΔCa=-38.787575) with 346/500 successful points in 68.41 s
Saved column 449/500 (ΔCa=-22.555110) with 500/500 successful points in 78.83 s
Saved column 287/500 (ΔCa=-30.671343) with 500/500 successful points in 76.03 s
Saved column 207/500 (ΔCa=-34.679359) with 500/500 successful points in 68.95 s
Saved column 368/500 (ΔCa=-26.613226) with 500/500 successful points in 79.07 s
Saved column 46/500 (ΔCa=-42.745491) with 476/500 successful points in 57.17 s
Saved column 126/500 (ΔCa=-38.737475) with 342/500 successful points in 63.15 s
Saved column 450/500 (ΔCa=-22.505010) with 500/500 successful points in 76.24 s
Saved column 288/500 (ΔCa=-30.621242) with 500/500 successful points in 72.71 s
Saved column 47/500 (ΔCa=-42.695391) with 477/500 successful points in 56.09 s
Saved column 208/500 (ΔCa=-34.629259) with 500/500 successful points in 66.69 s
Saved column 369/500 (ΔCa=-26.563126) with 500/500 successful points in 75.83 s
Saved column 127/500 (ΔCa=-38.687375) with 336/500 successful points in 62.41 s
Saved column 48/500 (ΔCa=-42.645291) with 475/500 successful points in 52.44 s
Saved column 451/500 (ΔCa=-22.454910) with 500/500 successful points in 70.72 s
Saved column 289/500 (ΔCa=-30.571142) with 500/500 successful points in 69.36 s
Saved column 209/500 (ΔCa=-34.579158) with 500/500 successful points in 62.78 s
Saved column 370/500 (ΔCa=-26.513026) with 500/500 successful points in 70.44 s
Saved column 128/500 (ΔCa=-38.637275) with 336/500 successful points in 59.11 s
Saved column 49/500 (ΔCa=-42.595190) with 476/500 successful points in 53.03 s
Saved column 210/500 (ΔCa=-34.529058) with 500/500 successful points in 66.79 s
Saved column 452/500 (ΔCa=-22.404810) with 500/500 successful points in 74.29 s
Saved column 290/500 (ΔCa=-30.521042) with 500/500 successful points in 73.69 s
Saved column 129/500 (ΔCa=-38.587174) with 342/500 successful points in 66.64 s
Saved column 371/500 (ΔCa=-26.462926) with 500/500 successful points in 78.52 s
Saved column 50/500 (ΔCa=-42.545090) with 478/500 successful points in 58.28 s
Saved column 211/500 (ΔCa=-34.478958) with 500/500 successful points in 67.65 s
Saved column 453/500 (ΔCa=-22.354709) with 500/500 successful points in 76.26 s
Saved column 291/500 (ΔCa=-30.470942) with 500/500 successful points in 75.31 s
Saved column 130/500 (ΔCa=-38.537074) with 350/500 successful points in 65.68 s
Saved column 51/500 (ΔCa=-42.494990) with 474/500 successful points in 58.20 s
Saved column 372/500 (ΔCa=-26.412826) with 500/500 successful points in 78.42 s
Saved column 212/500 (ΔCa=-34.428858) with 500/500 successful points in 73.55 s
Saved column 52/500 (ΔCa=-42.444890) with 472/500 successful points in 61.31 s
Saved column 131/500 (ΔCa=-38.486974) with 361/500 successful points in 70.04 s
Saved column 454/500 (ΔCa=-22.304609) with 500/500 successful points in 81.29 s
Saved column 292/500 (ΔCa=-30.420842) with 500/500 successful points in 80.90 s
Saved column 373/500 (ΔCa=-26.362725) with 500/500 successful points in 80.53 s
Saved column 53/500 (ΔCa=-42.394790) with 478/500 successful points in 59.19 s
Saved column 213/500 (ΔCa=-34.378758) with 500/500 successful points in 71.79 s
Saved column 132/500 (ΔCa=-38.436874) with 378/500 successful points in 69.48 s
Saved column 455/500 (ΔCa=-22.254509) with 500/500 successful points in 80.82 s
Saved column 293/500 (ΔCa=-30.370741) with 500/500 successful points in 79.94 s
Saved column 54/500 (ΔCa=-42.344689) with 479/500 successful points in 61.44 s
Saved column 374/500 (ΔCa=-26.312625) with 500/500 successful points in 84.18 s
Saved column 214/500 (ΔCa=-34.328657) with 500/500 successful points in 71.65 s
Saved column 133/500 (ΔCa=-38.386774) with 388/500 successful points in 67.79 s
Saved column 456/500 (ΔCa=-22.204409) with 500/500 successful points in 73.35 s
Saved column 294/500 (ΔCa=-30.320641) with 500/500 successful points in 73.19 s
Saved column 55/500 (ΔCa=-42.294589) with 473/500 successful points in 54.14 s
Saved column 375/500 (ΔCa=-26.262525) with 500/500 successful points in 76.07 s
Saved column 215/500 (ΔCa=-34.278557) with 500/500 successful points in 67.98 s
Saved column 134/500 (ΔCa=-38.336673) with 396/500 successful points in 65.21 s
Saved column 56/500 (ΔCa=-42.244489) with 479/500 successful points in 57.87 s
Saved column 457/500 (ΔCa=-22.154309) with 500/500 successful points in 76.19 s
Saved column 295/500 (ΔCa=-30.270541) with 500/500 successful points in 76.12 s
Saved column 135/500 (ΔCa=-38.286573) with 409/500 successful points in 60.89 s
Saved column 216/500 (ΔCa=-34.228457) with 500/500 successful points in 64.52 s
Saved column 376/500 (ΔCa=-26.212425) with 500/500 successful points in 73.52 s
Saved column 57/500 (ΔCa=-42.194389) with 479/500 successful points in 53.87 s
Saved column 458/500 (ΔCa=-22.104208) with 500/500 successful points in 71.46 s
Saved column 296/500 (ΔCa=-30.220441) with 500/500 successful points in 71.56 s
Saved column 136/500 (ΔCa=-38.236473) with 413/500 successful points in 61.84 s
Saved column 217/500 (ΔCa=-34.178357) with 500/500 successful points in 66.50 s
Saved column 58/500 (ΔCa=-42.144289) with 479/500 successful points in 54.51 s
Saved column 377/500 (ΔCa=-26.162325) with 500/500 successful points in 74.00 s
Saved column 459/500 (ΔCa=-22.054108) with 500/500 successful points in 71.53 s
Saved column 297/500 (ΔCa=-30.170341) with 500/500 successful points in 72.16 s
Saved column 137/500 (ΔCa=-38.186373) with 420/500 successful points in 62.55 s
Saved column 59/500 (ΔCa=-42.094188) with 480/500 successful points in 55.04 s
Saved column 218/500 (ΔCa=-34.128257) with 500/500 successful points in 66.59 s
Saved column 378/500 (ΔCa=-26.112224) with 500/500 successful points in 72.24 s
Saved column 60/500 (ΔCa=-42.044088) with 482/500 successful points in 54.85 s
Saved column 138/500 (ΔCa=-38.136273) with 426/500 successful points in 61.85 s
Saved column 460/500 (ΔCa=-22.004008) with 500/500 successful points in 73.26 s
Saved column 298/500 (ΔCa=-30.120240) with 500/500 successful points in 73.67 s
Saved column 219/500 (ΔCa=-34.078156) with 500/500 successful points in 68.16 s
Saved column 379/500 (ΔCa=-26.062124) with 500/500 successful points in 75.30 s
Saved column 61/500 (ΔCa=-41.993988) with 481/500 successful points in 54.47 s
Saved column 139/500 (ΔCa=-38.086172) with 428/500 successful points in 61.45 s
Saved column 461/500 (ΔCa=-21.953908) with 500/500 successful points in 74.99 s
Saved column 299/500 (ΔCa=-30.070140) with 500/500 successful points in 75.69 s
Saved column 220/500 (ΔCa=-34.028056) with 500/500 successful points in 69.46 s
Saved column 62/500 (ΔCa=-41.943888) with 482/500 successful points in 59.55 s
Saved column 380/500 (ΔCa=-26.012024) with 500/500 successful points in 79.49 s
Saved column 140/500 (ΔCa=-38.036072) with 437/500 successful points in 67.55 s
Saved column 462/500 (ΔCa=-21.903808) with 500/500 successful points in 73.85 s
Saved column 221/500 (ΔCa=-33.977956) with 500/500 successful points in 67.87 s
Saved column 300/500 (ΔCa=-30.020040) with 500/500 successful points in 74.04 s
Saved column 63/500 (ΔCa=-41.893788) with 481/500 successful points in 53.01 s
Saved column 141/500 (ΔCa=-37.985972) with 438/500 successful points in 60.29 s
Saved column 381/500 (ΔCa=-25.961924) with 500/500 successful points in 72.71 s
Saved column 64/500 (ΔCa=-41.843687) with 483/500 successful points in 58.44 s
Saved column 222/500 (ΔCa=-33.927856) with 500/500 successful points in 70.44 s
Saved column 463/500 (ΔCa=-21.853707) with 500/500 successful points in 75.92 s
Saved column 301/500 (ΔCa=-29.969940) with 500/500 successful points in 76.75 s
Saved column 142/500 (ΔCa=-37.935872) with 445/500 successful points in 68.44 s
Saved column 382/500 (ΔCa=-25.911824) with 500/500 successful points in 80.05 s
Saved column 65/500 (ΔCa=-41.793587) with 483/500 successful points in 55.84 s
Saved column 223/500 (ΔCa=-33.877756) with 500/500 successful points in 68.02 s
Saved column 464/500 (ΔCa=-21.803607) with 500/500 successful points in 72.84 s
Saved column 302/500 (ΔCa=-29.919840) with 500/500 successful points in 76.13 s
Saved column 143/500 (ΔCa=-37.885772) with 445/500 successful points in 61.92 s
Saved column 66/500 (ΔCa=-41.743487) with 483/500 successful points in 55.63 s
Saved column 383/500 (ΔCa=-25.861723) with 500/500 successful points in 73.88 s
Saved column 224/500 (ΔCa=-33.827655) with 500/500 successful points in 67.61 s
Saved column 465/500 (ΔCa=-21.753507) with 500/500 successful points in 71.06 s
Saved column 303/500 (ΔCa=-29.869739) with 500/500 successful points in 69.54 s
Saved column 144/500 (ΔCa=-37.835671) with 452/500 successful points in 58.31 s
Saved column 67/500 (ΔCa=-41.693387) with 482/500 successful points in 49.31 s
Saved column 384/500 (ΔCa=-25.811623) with 500/500 successful points in 66.92 s
Saved column 225/500 (ΔCa=-33.777555) with 500/500 successful points in 61.14 s
Saved column 68/500 (ΔCa=-41.643287) with 485/500 successful points in 49.19 s
Saved column 145/500 (ΔCa=-37.785571) with 452/500 successful points in 55.93 s
Saved column 466/500 (ΔCa=-21.703407) with 500/500 successful points in 65.03 s
Saved column 304/500 (ΔCa=-29.819639) with 500/500 successful points in 66.07 s
Saved column 385/500 (ΔCa=-25.761523) with 500/500 successful points in 68.52 s
Saved column 226/500 (ΔCa=-33.727455) with 500/500 successful points in 62.42 s
Saved column 69/500 (ΔCa=-41.593186) with 485/500 successful points in 50.52 s
Saved column 146/500 (ΔCa=-37.735471) with 457/500 successful points in 57.23 s
Saved column 467/500 (ΔCa=-21.653307) with 500/500 successful points in 67.31 s
Saved column 305/500 (ΔCa=-29.769539) with 500/500 successful points in 68.49 s
Saved column 70/500 (ΔCa=-41.543086) with 485/500 successful points in 52.90 s
Saved column 227/500 (ΔCa=-33.677355) with 500/500 successful points in 66.38 s
Saved column 147/500 (ΔCa=-37.685371) with 456/500 successful points in 61.51 s
Saved column 386/500 (ΔCa=-25.711423) with 500/500 successful points in 73.43 s
Saved column 468/500 (ΔCa=-21.603206) with 500/500 successful points in 72.89 s
Saved column 306/500 (ΔCa=-29.719439) with 500/500 successful points in 74.52 s
Saved column 71/500 (ΔCa=-41.492986) with 486/500 successful points in 54.03 s
Saved column 148/500 (ΔCa=-37.635271) with 461/500 successful points in 58.01 s
Saved column 228/500 (ΔCa=-33.627255) with 500/500 successful points in 65.60 s
Saved column 387/500 (ΔCa=-25.661323) with 500/500 successful points in 70.71 s
Saved column 72/500 (ΔCa=-41.442886) with 487/500 successful points in 52.39 s
Saved column 469/500 (ΔCa=-21.553106) with 500/500 successful points in 68.62 s
Saved column 307/500 (ΔCa=-29.669339) with 500/500 successful points in 70.01 s
Saved column 149/500 (ΔCa=-37.585170) with 466/500 successful points in 60.69 s
Saved column 229/500 (ΔCa=-33.577154) with 500/500 successful points in 67.32 s
Saved column 73/500 (ΔCa=-41.392786) with 487/500 successful points in 53.29 s
Saved column 388/500 (ΔCa=-25.611222) with 500/500 successful points in 73.33 s
Saved column 470/500 (ΔCa=-21.503006) with 500/500 successful points in 71.52 s
Saved column 308/500 (ΔCa=-29.619238) with 500/500 successful points in 75.04 s
Saved column 150/500 (ΔCa=-37.535070) with 463/500 successful points in 62.85 s
Saved column 230/500 (ΔCa=-33.527054) with 500/500 successful points in 67.72 s
Saved column 74/500 (ΔCa=-41.342685) with 487/500 successful points in 54.98 s
Saved column 389/500 (ΔCa=-25.561122) with 500/500 successful points in 76.42 s
Saved column 471/500 (ΔCa=-21.452906) with 500/500 successful points in 72.25 s
Saved column 151/500 (ΔCa=-37.484970) with 467/500 successful points in 62.06 s
Saved column 309/500 (ΔCa=-29.569138) with 500/500 successful points in 74.04 s
Saved column 75/500 (ΔCa=-41.292585) with 481/500 successful points in 55.62 s
Saved column 231/500 (ΔCa=-33.476954) with 500/500 successful points in 68.87 s
Saved column 390/500 (ΔCa=-25.511022) with 500/500 successful points in 71.38 s
Saved column 152/500 (ΔCa=-37.434870) with 471/500 successful points in 59.01 s
Saved column 76/500 (ΔCa=-41.242485) with 481/500 successful points in 52.82 s
Saved column 472/500 (ΔCa=-21.402806) with 500/500 successful points in 74.88 s
Saved column 310/500 (ΔCa=-29.519038) with 500/500 successful points in 138.21 s
Saved column 232/500 (ΔCa=-33.426854) with 500/500 successful points in 138.10 s
Saved column 77/500 (ΔCa=-41.192385) with 481/500 successful points in 136.53 s
Saved column 153/500 (ΔCa=-37.384770) with 475/500 successful points in 142.92 s
Saved column 391/500 (ΔCa=-25.460922) with 500/500 successful points in 155.30 s
Saved column 473/500 (ΔCa=-21.352705) with 500/500 successful points in 147.00 s
Saved column 311/500 (ΔCa=-29.468938) with 500/500 successful points in 82.59 s
Saved column 233/500 (ΔCa=-33.376754) with 500/500 successful points in 71.96 s
Saved column 78/500 (ΔCa=-41.142285) with 482/500 successful points in 44.87 s
Saved column 154/500 (ΔCa=-37.334669) with 472/500 successful points in 49.31 s
Saved column 392/500 (ΔCa=-25.410822) with 500/500 successful points in 60.92 s
Saved column 474/500 (ΔCa=-21.302605) with 500/500 successful points in 59.25 s
Saved column 234/500 (ΔCa=-33.326653) with 500/500 successful points in 57.17 s
Saved column 79/500 (ΔCa=-41.092184) with 482/500 successful points in 45.23 s
Saved column 312/500 (ΔCa=-29.418838) with 500/500 successful points in 61.04 s
Saved column 155/500 (ΔCa=-37.284569) with 476/500 successful points in 50.33 s
Saved column 393/500 (ΔCa=-25.360721) with 500/500 successful points in 62.44 s
Saved column 475/500 (ΔCa=-21.252505) with 500/500 successful points in 60.47 s
Saved column 80/500 (ΔCa=-41.042084) with 481/500 successful points in 45.91 s
Saved column 235/500 (ΔCa=-33.276553) with 500/500 successful points in 57.70 s
Saved column 156/500 (ΔCa=-37.234469) with 479/500 successful points in 51.03 s
Saved column 313/500 (ΔCa=-29.368737) with 500/500 successful points in 61.76 s
Saved column 81/500 (ΔCa=-40.991984) with 481/500 successful points in 46.84 s
Saved column 394/500 (ΔCa=-25.310621) with 500/500 successful points in 62.58 s
Saved column 476/500 (ΔCa=-21.202405) with 500/500 successful points in 60.67 s
Saved column 157/500 (ΔCa=-37.184369) with 475/500 successful points in 51.86 s
Saved column 236/500 (ΔCa=-33.226453) with 500/500 successful points in 58.61 s
Saved column 314/500 (ΔCa=-29.318637) with 500/500 successful points in 62.41 s
Saved column 82/500 (ΔCa=-40.941884) with 481/500 successful points in 46.52 s
Saved column 395/500 (ΔCa=-25.260521) with 500/500 successful points in 62.61 s
Saved column 158/500 (ΔCa=-37.134269) with 478/500 successful points in 51.53 s
Saved column 477/500 (ΔCa=-21.152305) with 500/500 successful points in 61.28 s
Saved column 237/500 (ΔCa=-33.176353) with 500/500 successful points in 58.37 s
Saved column 83/500 (ΔCa=-40.891784) with 482/500 successful points in 47.14 s
Saved column 315/500 (ΔCa=-29.268537) with 500/500 successful points in 62.44 s
Saved column 159/500 (ΔCa=-37.084168) with 481/500 successful points in 52.71 s
Saved column 396/500 (ΔCa=-25.210421) with 500/500 successful points in 63.80 s
Saved column 478/500 (ΔCa=-21.102204) with 500/500 successful points in 62.07 s
Saved column 238/500 (ΔCa=-33.126253) with 500/500 successful points in 59.53 s
Saved column 84/500 (ΔCa=-40.841683) with 484/500 successful points in 47.42 s
Saved column 316/500 (ΔCa=-29.218437) with 500/500 successful points in 62.77 s
Saved column 160/500 (ΔCa=-37.034068) with 484/500 successful points in 50.05 s
Saved column 479/500 (ΔCa=-21.052104) with 500/500 successful points in 58.18 s
Saved column 397/500 (ΔCa=-25.160321) with 500/500 successful points in 59.86 s
Saved column 239/500 (ΔCa=-33.076152) with 500/500 successful points in 55.16 s
Saved column 317/500 (ΔCa=-29.168337) with 500/500 successful points in 58.91 s
Saved column 161/500 (ΔCa=-36.983968) with 480/500 successful points in 48.66 s
Saved column 240/500 (ΔCa=-33.026052) with 500/500 successful points in 54.44 s
Saved column 480/500 (ΔCa=-21.002004) with 500/500 successful points in 57.12 s
Saved column 398/500 (ΔCa=-25.110220) with 500/500 successful points in 59.13 s
Saved column 162/500 (ΔCa=-36.933868) with 483/500 successful points in 47.89 s
Saved column 318/500 (ΔCa=-29.118236) with 500/500 successful points in 58.51 s
Saved column 241/500 (ΔCa=-32.975952) with 500/500 successful points in 53.63 s
Saved column 481/500 (ΔCa=-20.951904) with 500/500 successful points in 56.81 s
Saved column 399/500 (ΔCa=-25.060120) with 500/500 successful points in 59.29 s
Saved column 163/500 (ΔCa=-36.883768) with 488/500 successful points in 48.72 s
Saved column 319/500 (ΔCa=-29.068136) with 500/500 successful points in 59.20 s
Saved column 242/500 (ΔCa=-32.925852) with 500/500 successful points in 53.54 s
Saved column 482/500 (ΔCa=-20.901804) with 500/500 successful points in 57.15 s
Saved column 164/500 (ΔCa=-36.833667) with 483/500 successful points in 47.83 s
Saved column 400/500 (ΔCa=-25.010020) with 500/500 successful points in 58.57 s
Saved column 320/500 (ΔCa=-29.018036) with 500/500 successful points in 58.36 s
Saved column 243/500 (ΔCa=-32.875752) with 500/500 successful points in 52.99 s
Saved column 165/500 (ΔCa=-36.783567) with 486/500 successful points in 48.16 s
Saved column 483/500 (ΔCa=-20.851703) with 500/500 successful points in 56.36 s
Saved column 401/500 (ΔCa=-24.959920) with 500/500 successful points in 58.67 s
Saved column 321/500 (ΔCa=-28.967936) with 500/500 successful points in 58.37 s
Saved column 244/500 (ΔCa=-32.825651) with 500/500 successful points in 52.52 s
Saved column 166/500 (ΔCa=-36.733467) with 489/500 successful points in 48.35 s
Saved column 484/500 (ΔCa=-20.801603) with 500/500 successful points in 56.98 s
Saved column 402/500 (ΔCa=-24.909820) with 500/500 successful points in 59.20 s
Saved column 322/500 (ΔCa=-28.917836) with 500/500 successful points in 58.74 s
Saved column 167/500 (ΔCa=-36.683367) with 491/500 successful points in 49.35 s
Saved column 245/500 (ΔCa=-32.775551) with 500/500 successful points in 53.04 s
Saved column 485/500 (ΔCa=-20.751503) with 500/500 successful points in 56.81 s
Saved column 403/500 (ΔCa=-24.859719) with 500/500 successful points in 59.23 s
Saved column 168/500 (ΔCa=-36.633267) with 493/500 successful points in 48.25 s
Saved column 323/500 (ΔCa=-28.867735) with 500/500 successful points in 57.02 s
Saved column 246/500 (ΔCa=-32.725451) with 500/500 successful points in 51.61 s
Saved column 486/500 (ΔCa=-20.701403) with 500/500 successful points in 53.69 s
Saved column 404/500 (ΔCa=-24.809619) with 500/500 successful points in 54.91 s
Saved column 247/500 (ΔCa=-32.675351) with 500/500 successful points in 48.03 s
Saved column 324/500 (ΔCa=-28.817635) with 500/500 successful points in 52.84 s
Saved column 487/500 (ΔCa=-20.651303) with 500/500 successful points in 51.71 s
Saved column 405/500 (ΔCa=-24.759519) with 500/500 successful points in 53.57 s
Saved column 248/500 (ΔCa=-32.625251) with 500/500 successful points in 47.20 s
Saved column 325/500 (ΔCa=-28.767535) with 500/500 successful points in 52.31 s
Saved column 488/500 (ΔCa=-20.601202) with 500/500 successful points in 50.31 s
Saved column 249/500 (ΔCa=-32.575150) with 500/500 successful points in 46.59 s
Saved column 406/500 (ΔCa=-24.709419) with 500/500 successful points in 53.36 s
Saved column 326/500 (ΔCa=-28.717435) with 500/500 successful points in 51.23 s
Saved column 489/500 (ΔCa=-20.551102) with 500/500 successful points in 50.70 s
Saved column 250/500 (ΔCa=-32.525050) with 500/500 successful points in 46.54 s
Saved column 407/500 (ΔCa=-24.659319) with 500/500 successful points in 53.33 s
Saved column 327/500 (ΔCa=-28.667335) with 500/500 successful points in 51.60 s
Saved column 490/500 (ΔCa=-20.501002) with 500/500 successful points in 50.30 s
Saved column 251/500 (ΔCa=-32.474950) with 500/500 successful points in 46.64 s
Saved column 408/500 (ΔCa=-24.609218) with 500/500 successful points in 50.90 s
Saved column 328/500 (ΔCa=-28.617234) with 500/500 successful points in 48.21 s
Saved column 491/500 (ΔCa=-20.450902) with 500/500 successful points in 45.59 s
Saved column 409/500 (ΔCa=-24.559118) with 500/500 successful points in 46.46 s
Saved column 329/500 (ΔCa=-28.567134) with 500/500 successful points in 44.72 s
Saved column 492/500 (ΔCa=-20.400802) with 500/500 successful points in 43.36 s
Saved column 410/500 (ΔCa=-24.509018) with 500/500 successful points in 45.13 s
Saved column 330/500 (ΔCa=-28.517034) with 500/500 successful points in 43.28 s
Saved column 493/500 (ΔCa=-20.350701) with 500/500 successful points in 43.20 s
Saved column 411/500 (ΔCa=-24.458918) with 500/500 successful points in 45.23 s
Saved column 331/500 (ΔCa=-28.466934) with 500/500 successful points in 43.41 s
Saved column 494/500 (ΔCa=-20.300601) with 500/500 successful points in 43.17 s
Saved column 412/500 (ΔCa=-24.408818) with 500/500 successful points in 45.79 s
Saved column 332/500 (ΔCa=-28.416834) with 500/500 successful points in 43.80 s
Saved column 495/500 (ΔCa=-20.250501) with 500/500 successful points in 43.48 s
Saved column 333/500 (ΔCa=-28.366733) with 500/500 successful points in 44.04 s
Saved column 413/500 (ΔCa=-24.358717) with 500/500 successful points in 46.25 s
Saved column 496/500 (ΔCa=-20.200401) with 500/500 successful points in 44.20 s
Saved column 334/500 (ΔCa=-28.316633) with 500/500 successful points in 43.80 s
Saved column 414/500 (ΔCa=-24.308617) with 500/500 successful points in 45.36 s
Saved column 497/500 (ΔCa=-20.150301) with 500/500 successful points in 41.63 s
Saved column 415/500 (ΔCa=-24.258517) with 500/500 successful points in 39.52 s
Saved column 498/500 (ΔCa=-20.100200) with 500/500 successful points in 37.77 s
Saved column 416/500 (ΔCa=-24.208417) with 500/500 successful points in 39.59 s
Saved column 499/500 (ΔCa=-20.050100) with 500/500 successful points in 37.40 s
Saved column 417/500 (ΔCa=-24.158317) with 500/500 successful points in 40.64 s
Saved column 500/500 (ΔCa=-20.000000) with 500/500 successful points in 38.37 s
  Activating project at `~/Documents/Dev/MultimodalMaps.jl`
  Activating project at `~/Documents/Dev/MultimodalMaps.jl`
  Activating project at `~/Documents/Dev/MultimodalMaps.jl`
Successful points: 241385 / 250000
Unique T encodings: 25087
Unique gamma encodings: 27238
Saved merged results to /Users/carterhinsley/Documents/Dev/MultimodalMaps.jl/kneading/experiment/attempt-011/grid500_seq7_prefixes_results.tsv
Saved T legend to /Users/carterhinsley/Documents/Dev/MultimodalMaps.jl/kneading/experiment/attempt-011/grid500_seq7_prefixes_T_legend.tsv
Saved gamma legend to /Users/carterhinsley/Documents/Dev/MultimodalMaps.jl/kneading/experiment/attempt-011/grid500_seq7_prefixes_gamma_legend.tsv
Saved contour plot to /Users/carterhinsley/Documents/Dev/MultimodalMaps.jl/kneading/experiment/attempt-011/grid500_seq7_prefixes_contours.png
Saved prefix 1 plot to /Users/carterhinsley/Documents/Dev/MultimodalMaps.jl/kneading/experiment/attempt-011/grid500_seq7_prefixes_prefix01_contours.png (unique T=2, unique gamma=22)
Saved prefix 2 plot to /Users/carterhinsley/Documents/Dev/MultimodalMaps.jl/kneading/experiment/attempt-011/grid500_seq7_prefixes_prefix02_contours.png (unique T=51, unique gamma=438)
Saved prefix 3 plot to /Users/carterhinsley/Documents/Dev/MultimodalMaps.jl/kneading/experiment/attempt-011/grid500_seq7_prefixes_prefix03_contours.png (unique T=727, unique gamma=5221)
Saved prefix 4 plot to /Users/carterhinsley/Documents/Dev/MultimodalMaps.jl/kneading/experiment/attempt-011/grid500_seq7_prefixes_prefix04_contours.png (unique T=5850, unique gamma=18623)
Saved prefix 5 plot to /Users/carterhinsley/Documents/Dev/MultimodalMaps.jl/kneading/experiment/attempt-011/grid500_seq7_prefixes_prefix05_contours.png (unique T=17307, unique gamma=26030)
Saved prefix 6 plot to /Users/carterhinsley/Documents/Dev/MultimodalMaps.jl/kneading/experiment/attempt-011/grid500_seq7_prefixes_prefix06_contours.png (unique T=23263, unique gamma=27181)
Saved prefix 7 plot to /Users/carterhinsley/Documents/Dev/MultimodalMaps.jl/kneading/experiment/attempt-011/grid500_seq7_prefixes_prefix07_contours.png (unique T=25087, unique gamma=27238)
