Running attempt-011 contour scan.
Grid: 10 ΔCa points × 50 Δx points
Julia threads: 6, output tag: preflight11c_seq4, max sequence length: 4
T0 continuation refinement steps: 5, Ca-window: 0.003
Row checkpoint directory: /Users/carterhinsley/Documents/Dev/MultimodalMaps.jl/kneading/experiment/attempt-011/preflight11c_seq4_rows
Saved row 10/50 (Δx=-1.316327) with 9/10 successful points in 9.18 s
Saved row 19/50 (Δx=-1.132653) with 10/10 successful points in 9.96 s
Saved row 1/50 (Δx=-1.500000) with 7/10 successful points in 9.97 s
Saved row 35/50 (Δx=-0.806122) with 10/10 successful points in 9.98 s
Saved row 27/50 (Δx=-0.969388) with 10/10 successful points in 10.16 s
Saved row 43/50 (Δx=-0.642857) with 10/10 successful points in 10.50 s
Saved row 11/50 (Δx=-1.295918) with 9/10 successful points in 2.26 s
Saved row 2/50 (Δx=-1.479592) with 7/10 successful points in 2.46 s
Saved row 20/50 (Δx=-1.112245) with 10/10 successful points in 2.73 s
Saved row 36/50 (Δx=-0.785714) with 10/10 successful points in 2.92 s
Saved row 28/50 (Δx=-0.948980) with 10/10 successful points in 3.09 s
Saved row 44/50 (Δx=-0.622449) with 10/10 successful points in 3.22 s
Saved row 12/50 (Δx=-1.275510) with 9/10 successful points in 1.84 s
Saved row 3/50 (Δx=-1.459184) with 7/10 successful points in 1.89 s
Saved row 21/50 (Δx=-1.091837) with 10/10 successful points in 2.28 s
Saved row 37/50 (Δx=-0.765306) with 10/10 successful points in 2.45 s
Saved row 29/50 (Δx=-0.928571) with 10/10 successful points in 2.51 s
Saved row 13/50 (Δx=-1.255102) with 9/10 successful points in 1.85 s
Saved row 4/50 (Δx=-1.438776) with 9/10 successful points in 1.65 s
Saved row 45/50 (Δx=-0.602041) with 10/10 successful points in 2.54 s
Saved row 22/50 (Δx=-1.071429) with 10/10 successful points in 2.37 s
Saved row 5/50 (Δx=-1.418367) with 9/10 successful points in 1.71 s
Saved row 14/50 (Δx=-1.234694) with 9/10 successful points in 1.83 s
