[2026-05-05T20:31:44-0400] Running attempt-056 SSCS-event tangent-V zero-contour scan.
Repo root: /Users/carterhinsley/Documents/Dev/MultimodalMaps.jl
Julia command: julia +release
Julia threads: 10
Julia GC threads: 4
OpenBLAS threads: 1
Grid: 200 Delta Ca x 200 Delta x
Delta Ca range: [-45.0, -20.0]
Delta x range: [-1.5, -0.5]
Max SSCS symbols: 8
Tangent integration tmax: 1.0e5
Output tag: grid200_sscs_vtangent_dotzero_tmax1e5_iter8_ystub
  Activating project at `~/Documents/Dev/MultimodalMaps.jl`
  Activating project at `~/Documents/Dev/MultimodalMaps.jl`
  Activating project at `~/Documents/Dev/MultimodalMaps.jl`
  Activating project at `~/Documents/Dev/MultimodalMaps.jl`
Running attempt-056 SSCS-event tangent-V contour scan.
Grid: 200 Delta Ca points x 200 Delta x points
Output tag: grid200_sscs_vtangent_dotzero_tmax1e5_iter8_ystub
Tangent tmax: 100000.0, iterates: 8, Julia threads: 10
Column checkpoint directory: /Users/carterhinsley/Documents/Dev/MultimodalMaps.jl/kneading/experiment/attempt-056/grid200_sscs_vtangent_dotzero_tmax1e5_iter8_ystub_columns
Saved column 1/200 (Delta Ca=-45.000000) with 0/200 successful points in 54.28 s
Saved column 2/200 (Delta Ca=-44.874372) with 0/200 successful points in 49.85 s
Saved column 21/200 (Delta Ca=-42.487437) with 80/200 successful points in 151.88 s
Saved column 3/200 (Delta Ca=-44.748744) with 0/200 successful points in 53.44 s
Saved column 41/200 (Delta Ca=-39.974874) with 184/200 successful points in 193.23 s
Saved column 61/200 (Delta Ca=-37.462312) with 185/200 successful points in 224.90 s
Saved column 4/200 (Delta Ca=-44.623116) with 2/200 successful points in 89.86 s
Saved column 81/200 (Delta Ca=-34.949749) with 180/200 successful points in 248.12 s
Saved column 121/200 (Delta Ca=-29.924623) with 200/200 successful points in 256.47 s
Saved column 101/200 (Delta Ca=-32.437186) with 184/200 successful points in 266.24 s
Saved column 141/200 (Delta Ca=-27.412060) with 200/200 successful points in 269.34 s
Saved column 161/200 (Delta Ca=-24.899497) with 200/200 successful points in 274.96 s
Saved column 181/200 (Delta Ca=-22.386935) with 200/200 successful points in 287.56 s
Saved column 22/200 (Delta Ca=-42.361809) with 75/200 successful points in 164.68 s
Saved column 5/200 (Delta Ca=-44.497487) with 11/200 successful points in 73.55 s
Saved column 42/200 (Delta Ca=-39.849246) with 181/200 successful points in 178.09 s
Saved column 6/200 (Delta Ca=-44.371859) with 16/200 successful points in 71.40 s
Saved column 62/200 (Delta Ca=-37.336683) with 185/200 successful points in 207.61 s
Saved column 23/200 (Delta Ca=-42.236181) with 94/200 successful points in 152.94 s
Saved column 82/200 (Delta Ca=-34.824121) with 179/200 successful points in 232.41 s
Saved column 7/200 (Delta Ca=-44.246231) with 14/200 successful points in 97.33 s
Saved column 122/200 (Delta Ca=-29.798995) with 200/200 successful points in 234.35 s
Saved column 102/200 (Delta Ca=-32.311558) with 181/200 successful points in 231.83 s
Saved column 142/200 (Delta Ca=-27.286432) with 200/200 successful points in 250.30 s
Saved column 162/200 (Delta Ca=-24.773869) with 200/200 successful points in 257.75 s
Saved column 43/200 (Delta Ca=-39.723618) with 177/200 successful points in 174.21 s
Saved column 182/200 (Delta Ca=-22.261307) with 200/200 successful points in 271.27 s
Saved column 8/200 (Delta Ca=-44.120603) with 18/200 successful points in 106.77 s
Saved column 24/200 (Delta Ca=-42.110553) with 96/200 successful points in 136.97 s
Saved column 63/200 (Delta Ca=-37.211055) with 178/200 successful points in 198.77 s
Saved column 9/200 (Delta Ca=-43.994975) with 23/200 successful points in 86.23 s
Saved column 83/200 (Delta Ca=-34.698492) with 183/200 successful points in 222.02 s
Saved column 44/200 (Delta Ca=-39.597990) with 175/200 successful points in 172.30 s
Saved column 123/200 (Delta Ca=-29.673367) with 198/200 successful points in 234.39 s
Saved column 103/200 (Delta Ca=-32.185930) with 187/200 successful points in 234.40 s
Saved column 25/200 (Delta Ca=-41.984925) with 102/200 successful points in 151.41 s
Saved column 143/200 (Delta Ca=-27.160804) with 199/200 successful points in 247.80 s
Saved column 163/200 (Delta Ca=-24.648241) with 200/200 successful points in 251.95 s
Saved column 10/200 (Delta Ca=-43.869347) with 20/200 successful points in 136.37 s
Saved column 64/200 (Delta Ca=-37.085427) with 160/200 successful points in 200.98 s
Saved column 183/200 (Delta Ca=-22.135678) with 200/200 successful points in 280.30 s
Saved column 45/200 (Delta Ca=-39.472362) with 171/200 successful points in 215.77 s
Saved column 26/200 (Delta Ca=-41.859296) with 108/200 successful points in 198.98 s
Saved column 11/200 (Delta Ca=-43.743719) with 32/200 successful points in 140.95 s
Saved column 84/200 (Delta Ca=-34.572864) with 185/200 successful points in 275.87 s
Saved column 124/200 (Delta Ca=-29.547739) with 199/200 successful points in 296.10 s
Saved column 104/200 (Delta Ca=-32.060302) with 176/200 successful points in 323.88 s
Saved column 65/200 (Delta Ca=-36.959799) with 160/200 successful points in 253.20 s
Saved column 144/200 (Delta Ca=-27.035176) with 200/200 successful points in 339.18 s
Saved column 12/200 (Delta Ca=-43.618090) with 28/200 successful points in 154.54 s
Saved column 164/200 (Delta Ca=-24.522613) with 200/200 successful points in 356.73 s
Saved column 46/200 (Delta Ca=-39.346734) with 170/200 successful points in 244.95 s
Saved column 27/200 (Delta Ca=-41.733668) with 104/200 successful points in 237.32 s
Saved column 184/200 (Delta Ca=-22.010050) with 200/200 successful points in 379.00 s
Saved column 85/200 (Delta Ca=-34.447236) with 190/200 successful points in 314.13 s
Saved column 13/200 (Delta Ca=-43.492462) with 25/200 successful points in 202.46 s
Saved column 66/200 (Delta Ca=-36.834171) with 160/200 successful points in 271.21 s
Saved column 125/200 (Delta Ca=-29.422111) with 199/200 successful points in 336.93 s
Saved column 105/200 (Delta Ca=-31.934673) with 183/200 successful points in 338.30 s
Saved column 28/200 (Delta Ca=-41.608040) with 113/200 successful points in 216.20 s
Saved column 145/200 (Delta Ca=-26.909548) with 200/200 successful points in 325.62 s
Saved column 47/200 (Delta Ca=-39.221106) with 165/200 successful points in 263.60 s
Saved column 165/200 (Delta Ca=-24.396985) with 200/200 successful points in 325.49 s
Saved column 14/200 (Delta Ca=-43.366834) with 31/200 successful points in 152.32 s
Saved column 185/200 (Delta Ca=-21.884422) with 200/200 successful points in 310.16 s
Saved column 86/200 (Delta Ca=-34.321608) with 189/200 successful points in 236.67 s
Saved column 67/200 (Delta Ca=-36.708543) with 152/200 successful points in 207.04 s
Saved column 29/200 (Delta Ca=-41.482412) with 126/200 successful points in 176.22 s
Saved column 126/200 (Delta Ca=-29.296482) with 198/200 successful points in 247.34 s
Saved column 15/200 (Delta Ca=-43.241206) with 38/200 successful points in 149.89 s
Saved column 106/200 (Delta Ca=-31.809045) with 188/200 successful points in 252.30 s
Saved column 48/200 (Delta Ca=-39.095477) with 168/200 successful points in 208.98 s
Saved column 146/200 (Delta Ca=-26.783920) with 200/200 successful points in 259.80 s
Saved column 166/200 (Delta Ca=-24.271357) with 200/200 successful points in 264.69 s
Saved column 87/200 (Delta Ca=-34.195980) with 194/200 successful points in 213.00 s
Saved column 68/200 (Delta Ca=-36.582915) with 153/200 successful points in 187.35 s
Saved column 30/200 (Delta Ca=-41.356784) with 126/200 successful points in 165.56 s
Saved column 16/200 (Delta Ca=-43.115578) with 38/200 successful points in 149.53 s
Saved column 186/200 (Delta Ca=-21.758794) with 200/200 successful points in 275.30 s
Saved column 49/200 (Delta Ca=-38.969849) with 172/200 successful points in 195.99 s
Saved column 127/200 (Delta Ca=-29.170854) with 200/200 successful points in 243.46 s
Saved column 107/200 (Delta Ca=-31.683417) with 195/200 successful points in 233.80 s
Saved column 17/200 (Delta Ca=-42.989950) with 52/200 successful points in 150.61 s
Saved column 31/200 (Delta Ca=-41.231156) with 136/200 successful points in 188.98 s
Saved column 147/200 (Delta Ca=-26.658291) with 200/200 successful points in 270.21 s
Saved column 88/200 (Delta Ca=-34.070352) with 194/200 successful points in 238.06 s
Saved column 167/200 (Delta Ca=-24.145729) with 200/200 successful points in 287.54 s
Saved column 69/200 (Delta Ca=-36.457286) with 151/200 successful points in 284.18 s
Saved column 50/200 (Delta Ca=-38.844221) with 168/200 successful points in 216.46 s
Saved column 18/200 (Delta Ca=-42.864322) with 61/200 successful points in 149.73 s
Saved column 187/200 (Delta Ca=-21.633166) with 200/200 successful points in 299.93 s
Saved column 128/200 (Delta Ca=-29.045226) with 200/200 successful points in 261.12 s
Saved column 32/200 (Delta Ca=-41.105528) with 152/200 successful points in 187.92 s
Saved column 108/200 (Delta Ca=-31.557789) with 195/200 successful points in 259.30 s
Saved column 89/200 (Delta Ca=-33.944724) with 193/200 successful points in 248.86 s
Saved column 19/200 (Delta Ca=-42.738693) with 58/200 successful points in 177.43 s
Saved column 148/200 (Delta Ca=-26.532663) with 200/200 successful points in 288.82 s
Saved column 51/200 (Delta Ca=-38.718593) with 167/200 successful points in 227.54 s
Saved column 33/200 (Delta Ca=-40.979899) with 165/200 successful points in 182.20 s
Saved column 70/200 (Delta Ca=-36.331658) with 154/200 successful points in 285.76 s
Saved column 168/200 (Delta Ca=-24.020101) with 200/200 successful points in 305.64 s
Saved column 129/200 (Delta Ca=-28.919598) with 200/200 successful points in 278.07 s
Saved column 109/200 (Delta Ca=-31.432161) with 194/200 successful points in 273.65 s
Saved column 20/200 (Delta Ca=-42.613065) with 70/200 successful points in 172.00 s
Saved column 188/200 (Delta Ca=-21.507538) with 200/200 successful points in 315.36 s
Saved column 90/200 (Delta Ca=-33.819095) with 192/200 successful points in 250.99 s
Saved column 34/200 (Delta Ca=-40.854271) with 174/200 successful points in 183.29 s
Saved column 52/200 (Delta Ca=-38.592965) with 175/200 successful points in 205.17 s
Saved column 149/200 (Delta Ca=-26.407035) with 200/200 successful points in 284.90 s
Saved column 71/200 (Delta Ca=-36.206030) with 152/200 successful points in 289.60 s
Saved column 169/200 (Delta Ca=-23.894472) with 200/200 successful points in 289.44 s
Saved column 130/200 (Delta Ca=-28.793970) with 199/200 successful points in 260.37 s
Saved column 35/200 (Delta Ca=-40.728643) with 180/200 successful points in 177.92 s
Saved column 110/200 (Delta Ca=-31.306533) with 193/200 successful points in 262.44 s
Saved column 53/200 (Delta Ca=-38.467337) with 178/200 successful points in 188.89 s
Saved column 189/200 (Delta Ca=-21.381910) with 200/200 successful points in 286.74 s
Saved column 91/200 (Delta Ca=-33.693467) with 193/200 successful points in 232.57 s
Saved column 150/200 (Delta Ca=-26.281407) with 200/200 successful points in 269.96 s
Saved column 72/200 (Delta Ca=-36.080402) with 158/200 successful points in 237.52 s
Saved column 36/200 (Delta Ca=-40.603015) with 181/200 successful points in 186.27 s
Saved column 54/200 (Delta Ca=-38.341709) with 171/200 successful points in 197.97 s
Saved column 170/200 (Delta Ca=-23.768844) with 200/200 successful points in 286.18 s
Saved column 131/200 (Delta Ca=-28.668342) with 197/200 successful points in 264.67 s
Saved column 111/200 (Delta Ca=-31.180905) with 195/200 successful points in 253.44 s
Saved column 92/200 (Delta Ca=-33.567839) with 193/200 successful points in 232.44 s
Saved column 190/200 (Delta Ca=-21.256281) with 200/200 successful points in 279.39 s
Saved column 37/200 (Delta Ca=-40.477387) with 191/200 successful points in 184.84 s
Saved column 151/200 (Delta Ca=-26.155779) with 200/200 successful points in 263.75 s
Saved column 55/200 (Delta Ca=-38.216080) with 178/200 successful points in 212.93 s
Saved column 73/200 (Delta Ca=-35.954774) with 162/200 successful points in 261.05 s
Saved column 132/200 (Delta Ca=-28.542714) with 197/200 successful points in 254.30 s
Saved column 171/200 (Delta Ca=-23.643216) with 200/200 successful points in 272.13 s
Saved column 112/200 (Delta Ca=-31.055276) with 194/200 successful points in 250.49 s
Saved column 93/200 (Delta Ca=-33.442211) with 187/200 successful points in 246.43 s
Saved column 38/200 (Delta Ca=-40.351759) with 193/200 successful points in 170.99 s
Saved column 191/200 (Delta Ca=-21.130653) with 200/200 successful points in 266.30 s
Saved column 56/200 (Delta Ca=-38.090452) with 178/200 successful points in 206.69 s
Saved column 152/200 (Delta Ca=-26.030151) with 200/200 successful points in 253.10 s
Saved column 74/200 (Delta Ca=-35.829146) with 167/200 successful points in 242.68 s
Saved column 39/200 (Delta Ca=-40.226131) with 186/200 successful points in 170.79 s
Saved column 133/200 (Delta Ca=-28.417085) with 198/200 successful points in 243.99 s
Saved column 113/200 (Delta Ca=-30.929648) with 194/200 successful points in 236.42 s
Saved column 172/200 (Delta Ca=-23.517588) with 200/200 successful points in 261.07 s
Saved column 94/200 (Delta Ca=-33.316583) with 177/200 successful points in 255.44 s
Saved column 57/200 (Delta Ca=-37.964824) with 183/200 successful points in 199.84 s
Saved column 192/200 (Delta Ca=-21.005025) with 200/200 successful points in 267.63 s
Saved column 40/200 (Delta Ca=-40.100503) with 186/200 successful points in 192.51 s
Saved column 153/200 (Delta Ca=-25.904523) with 200/200 successful points in 270.12 s
Saved column 75/200 (Delta Ca=-35.703518) with 175/200 successful points in 251.51 s
Saved column 114/200 (Delta Ca=-30.804020) with 197/200 successful points in 247.03 s
Saved column 134/200 (Delta Ca=-28.291457) with 198/200 successful points in 259.37 s
Saved column 58/200 (Delta Ca=-37.839196) with 184/200 successful points in 188.16 s
Saved column 173/200 (Delta Ca=-23.391960) with 200/200 successful points in 274.12 s
Saved column 95/200 (Delta Ca=-33.190955) with 165/200 successful points in 287.58 s
Saved column 193/200 (Delta Ca=-20.879397) with 200/200 successful points in 262.82 s
Saved column 76/200 (Delta Ca=-35.577889) with 168/200 successful points in 210.09 s
Saved column 154/200 (Delta Ca=-25.778894) with 200/200 successful points in 235.68 s
Saved column 115/200 (Delta Ca=-30.678392) with 196/200 successful points in 214.53 s
Saved column 59/200 (Delta Ca=-37.713568) with 184/200 successful points in 188.20 s
Saved column 135/200 (Delta Ca=-28.165829) with 199/200 successful points in 228.15 s
Saved column 174/200 (Delta Ca=-23.266332) with 200/200 successful points in 240.37 s
Saved column 96/200 (Delta Ca=-33.065327) with 166/200 successful points in 250.23 s
Saved column 194/200 (Delta Ca=-20.753769) with 200/200 successful points in 227.08 s
Saved column 77/200 (Delta Ca=-35.452261) with 175/200 successful points in 205.56 s
Saved column 60/200 (Delta Ca=-37.587940) with 187/200 successful points in 163.39 s
Saved column 155/200 (Delta Ca=-25.653266) with 200/200 successful points in 218.79 s
Saved column 116/200 (Delta Ca=-30.552764) with 197/200 successful points in 204.32 s
Saved column 136/200 (Delta Ca=-28.040201) with 200/200 successful points in 212.36 s
Saved column 175/200 (Delta Ca=-23.140704) with 200/200 successful points in 223.39 s
Saved column 78/200 (Delta Ca=-35.326633) with 181/200 successful points in 182.79 s
Saved column 97/200 (Delta Ca=-32.939698) with 161/200 successful points in 235.86 s
Saved column 195/200 (Delta Ca=-20.628141) with 200/200 successful points in 214.96 s
Saved column 156/200 (Delta Ca=-25.527638) with 200/200 successful points in 207.05 s
Saved column 117/200 (Delta Ca=-30.427136) with 198/200 successful points in 191.87 s
Saved column 137/200 (Delta Ca=-27.914573) with 200/200 successful points in 210.67 s
Saved column 79/200 (Delta Ca=-35.201005) with 181/200 successful points in 196.11 s
Saved column 176/200 (Delta Ca=-23.015075) with 200/200 successful points in 228.74 s
Saved column 196/200 (Delta Ca=-20.502513) with 200/200 successful points in 223.85 s
Saved column 98/200 (Delta Ca=-32.814070) with 162/200 successful points in 243.18 s
Saved column 157/200 (Delta Ca=-25.402010) with 200/200 successful points in 221.33 s
Saved column 118/200 (Delta Ca=-30.301508) with 200/200 successful points in 203.56 s
Saved column 138/200 (Delta Ca=-27.788945) with 200/200 successful points in 219.36 s
Saved column 80/200 (Delta Ca=-35.075377) with 178/200 successful points in 194.74 s
Saved column 177/200 (Delta Ca=-22.889447) with 200/200 successful points in 218.20 s
Saved column 99/200 (Delta Ca=-32.688442) with 166/200 successful points in 183.86 s
Saved column 197/200 (Delta Ca=-20.376884) with 200/200 successful points in 205.36 s
Saved column 119/200 (Delta Ca=-30.175879) with 200/200 successful points in 177.17 s
Saved column 158/200 (Delta Ca=-25.276382) with 200/200 successful points in 190.59 s
Saved column 139/200 (Delta Ca=-27.663317) with 200/200 successful points in 174.16 s
Saved column 178/200 (Delta Ca=-22.763819) with 200/200 successful points in 190.20 s
Saved column 120/200 (Delta Ca=-30.050251) with 200/200 successful points in 167.73 s
Saved column 100/200 (Delta Ca=-32.562814) with 176/200 successful points in 177.65 s
Saved column 198/200 (Delta Ca=-20.251256) with 200/200 successful points in 184.84 s
Saved column 159/200 (Delta Ca=-25.150754) with 200/200 successful points in 179.52 s
Saved column 140/200 (Delta Ca=-27.537688) with 200/200 successful points in 172.92 s
Saved column 179/200 (Delta Ca=-22.638191) with 200/200 successful points in 152.76 s
Saved column 199/200 (Delta Ca=-20.125628) with 200/200 successful points in 142.56 s
Saved column 160/200 (Delta Ca=-25.025126) with 200/200 successful points in 137.35 s
Saved column 180/200 (Delta Ca=-22.512563) with 200/200 successful points in 142.68 s
Saved column 200/200 (Delta Ca=-20.000000) with 200/200 successful points in 136.93 s
Successful points: 33609 / 40000
Saved merged results to /Users/carterhinsley/Documents/Dev/MultimodalMaps.jl/kneading/experiment/attempt-056/grid200_sscs_vtangent_dotzero_tmax1e5_iter8_ystub_results.tsv
Saved contour plot to /Users/carterhinsley/Documents/Dev/MultimodalMaps.jl/kneading/experiment/attempt-056/grid200_sscs_vtangent_dotzero_tmax1e5_iter8_ystub_contours.png
Saved summary to /Users/carterhinsley/Documents/Dev/MultimodalMaps.jl/kneading/experiment/attempt-056/grid200_sscs_vtangent_dotzero_tmax1e5_iter8_ystub_summary.txt
Elapsed 5143.42 s
real 5166.75
user 31403.30
sys 411.02
[2026-05-05T21:57:50-0400] attempt-056 complete.
