Running attempt-010 contour scan.
Grid: 500 ΔCa points × 500 Δx points
Julia threads: 6, output tag: grid500_seq6_contours, max sequence length: 6
Row checkpoint directory: /Users/carterhinsley/Documents/Dev/MultimodalMaps.jl/kneading/experiment/attempt-010/grid500_seq6_contours_rows
Saved row 1/500 (Δx=-1.500000) with 500/500 successful points in 14.16 s
Saved row 2/500 (Δx=-1.497996) with 500/500 successful points in 8.84 s
Saved row 3/500 (Δx=-1.495992) with 500/500 successful points in 9.17 s
Saved row 4/500 (Δx=-1.493988) with 500/500 successful points in 9.50 s
Saved row 5/500 (Δx=-1.491984) with 500/500 successful points in 11.42 s
Saved row 6/500 (Δx=-1.489980) with 500/500 successful points in 10.58 s
Saved row 7/500 (Δx=-1.487976) with 500/500 successful points in 11.26 s
Saved row 8/500 (Δx=-1.485972) with 500/500 successful points in 11.91 s
Saved row 9/500 (Δx=-1.483968) with 500/500 successful points in 12.98 s
Saved row 10/500 (Δx=-1.481964) with 500/500 successful points in 13.21 s
Saved row 11/500 (Δx=-1.479960) with 500/500 successful points in 13.85 s
Saved row 12/500 (Δx=-1.477956) with 500/500 successful points in 13.64 s
Saved row 13/500 (Δx=-1.475952) with 500/500 successful points in 13.49 s
Saved row 14/500 (Δx=-1.473948) with 500/500 successful points in 13.26 s
Saved row 15/500 (Δx=-1.471944) with 500/500 successful points in 12.78 s
Saved row 16/500 (Δx=-1.469940) with 500/500 successful points in 13.03 s
Saved row 17/500 (Δx=-1.467936) with 500/500 successful points in 13.13 s
Saved row 18/500 (Δx=-1.465932) with 500/500 successful points in 13.84 s
Saved row 19/500 (Δx=-1.463928) with 500/500 successful points in 13.47 s
Saved row 20/500 (Δx=-1.461924) with 500/500 successful points in 12.90 s
Saved row 21/500 (Δx=-1.459920) with 500/500 successful points in 13.35 s
Saved row 22/500 (Δx=-1.457916) with 500/500 successful points in 12.92 s
Saved row 23/500 (Δx=-1.455912) with 500/500 successful points in 13.05 s
Saved row 24/500 (Δx=-1.453908) with 500/500 successful points in 13.13 s
Saved row 25/500 (Δx=-1.451904) with 500/500 successful points in 13.71 s
Saved row 26/500 (Δx=-1.449900) with 500/500 successful points in 13.05 s
Saved row 27/500 (Δx=-1.447896) with 500/500 successful points in 13.13 s
Saved row 28/500 (Δx=-1.445892) with 500/500 successful points in 13.28 s
Saved row 29/500 (Δx=-1.443888) with 500/500 successful points in 12.71 s
Saved row 30/500 (Δx=-1.441884) with 500/500 successful points in 13.11 s
Saved row 31/500 (Δx=-1.439880) with 500/500 successful points in 13.10 s
Saved row 32/500 (Δx=-1.437876) with 500/500 successful points in 12.88 s
Saved row 33/500 (Δx=-1.435872) with 500/500 successful points in 13.42 s
Saved row 34/500 (Δx=-1.433868) with 500/500 successful points in 13.72 s
Saved row 35/500 (Δx=-1.431864) with 500/500 successful points in 13.25 s
Saved row 36/500 (Δx=-1.429860) with 500/500 successful points in 13.09 s
Saved row 37/500 (Δx=-1.427856) with 500/500 successful points in 13.24 s
Saved row 38/500 (Δx=-1.425852) with 500/500 successful points in 13.21 s
Saved row 39/500 (Δx=-1.423848) with 500/500 successful points in 12.93 s
Saved row 40/500 (Δx=-1.421844) with 500/500 successful points in 13.32 s
Saved row 41/500 (Δx=-1.419840) with 500/500 successful points in 12.97 s
Saved row 42/500 (Δx=-1.417836) with 500/500 successful points in 13.11 s
Saved row 43/500 (Δx=-1.415832) with 500/500 successful points in 13.27 s
Saved row 44/500 (Δx=-1.413828) with 500/500 successful points in 13.37 s
Saved row 45/500 (Δx=-1.411824) with 500/500 successful points in 13.16 s
Saved row 46/500 (Δx=-1.409820) with 500/500 successful points in 13.22 s
Saved row 47/500 (Δx=-1.407816) with 500/500 successful points in 13.64 s
Saved row 48/500 (Δx=-1.405812) with 500/500 successful points in 13.30 s
Saved row 49/500 (Δx=-1.403808) with 500/500 successful points in 13.82 s
Saved row 50/500 (Δx=-1.401804) with 500/500 successful points in 13.28 s
Saved row 51/500 (Δx=-1.399800) with 500/500 successful points in 13.21 s
Saved row 52/500 (Δx=-1.397796) with 500/500 successful points in 13.82 s
Saved row 53/500 (Δx=-1.395792) with 500/500 successful points in 13.36 s
Saved row 54/500 (Δx=-1.393788) with 500/500 successful points in 13.87 s
Saved row 55/500 (Δx=-1.391784) with 500/500 successful points in 13.80 s
Saved row 56/500 (Δx=-1.389780) with 500/500 successful points in 13.67 s
Saved row 57/500 (Δx=-1.387776) with 500/500 successful points in 13.49 s
Saved row 58/500 (Δx=-1.385772) with 500/500 successful points in 13.58 s
Saved row 59/500 (Δx=-1.383768) with 500/500 successful points in 13.73 s
Saved row 60/500 (Δx=-1.381764) with 500/500 successful points in 13.61 s
Saved row 61/500 (Δx=-1.379760) with 500/500 successful points in 13.93 s
Saved row 62/500 (Δx=-1.377756) with 500/500 successful points in 13.44 s
Saved row 63/500 (Δx=-1.375752) with 500/500 successful points in 13.84 s
Saved row 64/500 (Δx=-1.373747) with 500/500 successful points in 13.63 s
Saved row 65/500 (Δx=-1.371743) with 500/500 successful points in 13.76 s
Saved row 66/500 (Δx=-1.369739) with 500/500 successful points in 14.13 s
Saved row 67/500 (Δx=-1.367735) with 500/500 successful points in 13.57 s
Saved row 68/500 (Δx=-1.365731) with 500/500 successful points in 14.14 s
Saved row 69/500 (Δx=-1.363727) with 500/500 successful points in 13.61 s
Saved row 70/500 (Δx=-1.361723) with 500/500 successful points in 14.03 s
Saved row 71/500 (Δx=-1.359719) with 500/500 successful points in 14.17 s
Saved row 72/500 (Δx=-1.357715) with 500/500 successful points in 14.17 s
Saved row 73/500 (Δx=-1.355711) with 500/500 successful points in 14.36 s
Saved row 74/500 (Δx=-1.353707) with 500/500 successful points in 14.18 s
Saved row 75/500 (Δx=-1.351703) with 500/500 successful points in 14.62 s
Saved row 76/500 (Δx=-1.349699) with 500/500 successful points in 14.20 s
Saved row 77/500 (Δx=-1.347695) with 500/500 successful points in 14.33 s
Saved row 78/500 (Δx=-1.345691) with 500/500 successful points in 14.12 s
Saved row 79/500 (Δx=-1.343687) with 500/500 successful points in 14.37 s
Saved row 80/500 (Δx=-1.341683) with 500/500 successful points in 14.34 s
Saved row 81/500 (Δx=-1.339679) with 500/500 successful points in 14.50 s
Saved row 82/500 (Δx=-1.337675) with 500/500 successful points in 14.64 s
Saved row 83/500 (Δx=-1.335671) with 500/500 successful points in 14.38 s
Saved row 84/500 (Δx=-1.333667) with 500/500 successful points in 14.58 s
Saved row 85/500 (Δx=-1.331663) with 500/500 successful points in 14.45 s
Saved row 86/500 (Δx=-1.329659) with 500/500 successful points in 14.40 s
Saved row 87/500 (Δx=-1.327655) with 500/500 successful points in 14.45 s
Saved row 88/500 (Δx=-1.325651) with 500/500 successful points in 14.53 s
Saved row 89/500 (Δx=-1.323647) with 500/500 successful points in 14.60 s
Saved row 90/500 (Δx=-1.321643) with 500/500 successful points in 14.63 s
Saved row 91/500 (Δx=-1.319639) with 500/500 successful points in 14.44 s
Saved row 92/500 (Δx=-1.317635) with 500/500 successful points in 14.60 s
Saved row 93/500 (Δx=-1.315631) with 500/500 successful points in 14.63 s
Saved row 94/500 (Δx=-1.313627) with 500/500 successful points in 14.75 s
Saved row 95/500 (Δx=-1.311623) with 500/500 successful points in 14.33 s
Saved row 96/500 (Δx=-1.309619) with 500/500 successful points in 14.76 s
Saved row 97/500 (Δx=-1.307615) with 500/500 successful points in 14.39 s
Saved row 98/500 (Δx=-1.305611) with 500/500 successful points in 14.56 s
Saved row 99/500 (Δx=-1.303607) with 500/500 successful points in 15.03 s
Saved row 100/500 (Δx=-1.301603) with 500/500 successful points in 14.80 s
Saved row 101/500 (Δx=-1.299599) with 500/500 successful points in 14.80 s
Saved row 102/500 (Δx=-1.297595) with 500/500 successful points in 14.67 s
Saved row 103/500 (Δx=-1.295591) with 500/500 successful points in 14.80 s
Saved row 104/500 (Δx=-1.293587) with 500/500 successful points in 14.71 s
Saved row 105/500 (Δx=-1.291583) with 500/500 successful points in 14.59 s
Saved row 106/500 (Δx=-1.289579) with 500/500 successful points in 14.62 s
Saved row 107/500 (Δx=-1.287575) with 500/500 successful points in 14.85 s
Saved row 108/500 (Δx=-1.285571) with 500/500 successful points in 14.81 s
Saved row 109/500 (Δx=-1.283567) with 500/500 successful points in 15.20 s
Saved row 110/500 (Δx=-1.281563) with 500/500 successful points in 15.19 s
Saved row 111/500 (Δx=-1.279559) with 500/500 successful points in 15.28 s
Saved row 112/500 (Δx=-1.277555) with 500/500 successful points in 15.23 s
Saved row 113/500 (Δx=-1.275551) with 500/500 successful points in 14.85 s
Saved row 114/500 (Δx=-1.273547) with 500/500 successful points in 15.29 s
Saved row 115/500 (Δx=-1.271543) with 500/500 successful points in 14.72 s
Saved row 116/500 (Δx=-1.269539) with 500/500 successful points in 15.99 s
Saved row 117/500 (Δx=-1.267535) with 500/500 successful points in 14.82 s
Saved row 118/500 (Δx=-1.265531) with 500/500 successful points in 15.52 s
Saved row 119/500 (Δx=-1.263527) with 500/500 successful points in 15.07 s
Saved row 120/500 (Δx=-1.261523) with 500/500 successful points in 15.50 s
Saved row 121/500 (Δx=-1.259519) with 500/500 successful points in 14.87 s
Saved row 122/500 (Δx=-1.257515) with 500/500 successful points in 15.33 s
Saved row 123/500 (Δx=-1.255511) with 500/500 successful points in 15.15 s
Saved row 124/500 (Δx=-1.253507) with 500/500 successful points in 15.53 s
Saved row 125/500 (Δx=-1.251503) with 500/500 successful points in 15.09 s
Saved row 126/500 (Δx=-1.249499) with 500/500 successful points in 14.84 s
Saved row 127/500 (Δx=-1.247495) with 500/500 successful points in 15.05 s
Saved row 128/500 (Δx=-1.245491) with 500/500 successful points in 15.52 s
Saved row 129/500 (Δx=-1.243487) with 500/500 successful points in 14.94 s
Saved row 130/500 (Δx=-1.241483) with 500/500 successful points in 15.44 s
Saved row 131/500 (Δx=-1.239479) with 500/500 successful points in 15.13 s
Saved row 132/500 (Δx=-1.237475) with 500/500 successful points in 15.35 s
Saved row 133/500 (Δx=-1.235471) with 500/500 successful points in 15.11 s
Saved row 134/500 (Δx=-1.233467) with 500/500 successful points in 15.38 s
Saved row 135/500 (Δx=-1.231463) with 500/500 successful points in 15.20 s
Saved row 136/500 (Δx=-1.229459) with 500/500 successful points in 15.25 s
Saved row 137/500 (Δx=-1.227455) with 500/500 successful points in 15.14 s
Saved row 138/500 (Δx=-1.225451) with 500/500 successful points in 15.54 s
Saved row 139/500 (Δx=-1.223447) with 500/500 successful points in 15.24 s
Saved row 140/500 (Δx=-1.221443) with 500/500 successful points in 15.33 s
Saved row 141/500 (Δx=-1.219439) with 500/500 successful points in 15.22 s
Saved row 142/500 (Δx=-1.217435) with 500/500 successful points in 15.36 s
Saved row 143/500 (Δx=-1.215431) with 500/500 successful points in 15.41 s
Saved row 144/500 (Δx=-1.213427) with 500/500 successful points in 15.17 s
Saved row 145/500 (Δx=-1.211423) with 500/500 successful points in 15.43 s
Saved row 146/500 (Δx=-1.209419) with 500/500 successful points in 15.09 s
Saved row 147/500 (Δx=-1.207415) with 500/500 successful points in 15.56 s
Saved row 148/500 (Δx=-1.205411) with 500/500 successful points in 15.07 s
Saved row 149/500 (Δx=-1.203407) with 500/500 successful points in 15.38 s
Saved row 150/500 (Δx=-1.201403) with 500/500 successful points in 15.23 s
Saved row 151/500 (Δx=-1.199399) with 500/500 successful points in 15.60 s
Saved row 152/500 (Δx=-1.197395) with 500/500 successful points in 15.23 s
Saved row 153/500 (Δx=-1.195391) with 500/500 successful points in 15.54 s
Saved row 154/500 (Δx=-1.193387) with 500/500 successful points in 15.49 s
Saved row 155/500 (Δx=-1.191383) with 500/500 successful points in 15.47 s
Saved row 156/500 (Δx=-1.189379) with 500/500 successful points in 15.35 s
Saved row 157/500 (Δx=-1.187375) with 500/500 successful points in 15.75 s
Saved row 158/500 (Δx=-1.185371) with 500/500 successful points in 15.57 s
Saved row 159/500 (Δx=-1.183367) with 500/500 successful points in 15.74 s
Saved row 160/500 (Δx=-1.181363) with 500/500 successful points in 15.09 s
Saved row 161/500 (Δx=-1.179359) with 500/500 successful points in 15.52 s
Saved row 162/500 (Δx=-1.177355) with 500/500 successful points in 15.17 s
Saved row 163/500 (Δx=-1.175351) with 500/500 successful points in 15.65 s
Saved row 164/500 (Δx=-1.173347) with 500/500 successful points in 14.89 s
Saved row 165/500 (Δx=-1.171343) with 500/500 successful points in 15.15 s
Saved row 166/500 (Δx=-1.169339) with 500/500 successful points in 14.61 s
Saved row 167/500 (Δx=-1.167335) with 500/500 successful points in 15.11 s
Saved row 168/500 (Δx=-1.165331) with 500/500 successful points in 14.72 s
Saved row 169/500 (Δx=-1.163327) with 500/500 successful points in 14.92 s
Saved row 170/500 (Δx=-1.161323) with 500/500 successful points in 14.79 s
Saved row 171/500 (Δx=-1.159319) with 500/500 successful points in 15.07 s
Saved row 172/500 (Δx=-1.157315) with 500/500 successful points in 14.77 s
Saved row 173/500 (Δx=-1.155311) with 500/500 successful points in 15.21 s
Saved row 174/500 (Δx=-1.153307) with 500/500 successful points in 14.87 s
Saved row 175/500 (Δx=-1.151303) with 500/500 successful points in 15.00 s
Saved row 176/500 (Δx=-1.149299) with 500/500 successful points in 15.08 s
Saved row 177/500 (Δx=-1.147295) with 500/500 successful points in 14.96 s
Saved row 178/500 (Δx=-1.145291) with 500/500 successful points in 15.20 s
Saved row 179/500 (Δx=-1.143287) with 500/500 successful points in 15.00 s
Saved row 180/500 (Δx=-1.141283) with 500/500 successful points in 15.24 s
Saved row 181/500 (Δx=-1.139279) with 500/500 successful points in 15.00 s
Saved row 182/500 (Δx=-1.137275) with 500/500 successful points in 15.26 s
Saved row 183/500 (Δx=-1.135271) with 500/500 successful points in 15.11 s
Saved row 184/500 (Δx=-1.133267) with 500/500 successful points in 15.28 s
Saved row 185/500 (Δx=-1.131263) with 500/500 successful points in 15.29 s
Saved row 186/500 (Δx=-1.129259) with 500/500 successful points in 15.03 s
Saved row 187/500 (Δx=-1.127255) with 500/500 successful points in 15.14 s
Saved row 188/500 (Δx=-1.125251) with 500/500 successful points in 15.30 s
Saved row 189/500 (Δx=-1.123246) with 500/500 successful points in 15.08 s
Saved row 190/500 (Δx=-1.121242) with 500/500 successful points in 15.18 s
Saved row 191/500 (Δx=-1.119238) with 500/500 successful points in 14.89 s
Saved row 192/500 (Δx=-1.117234) with 500/500 successful points in 15.28 s
Saved row 193/500 (Δx=-1.115230) with 500/500 successful points in 15.22 s
Saved row 194/500 (Δx=-1.113226) with 500/500 successful points in 15.23 s
Saved row 195/500 (Δx=-1.111222) with 500/500 successful points in 15.41 s
Saved row 196/500 (Δx=-1.109218) with 500/500 successful points in 15.02 s
Saved row 197/500 (Δx=-1.107214) with 500/500 successful points in 15.37 s
Saved row 198/500 (Δx=-1.105210) with 500/500 successful points in 15.00 s
Saved row 199/500 (Δx=-1.103206) with 500/500 successful points in 15.34 s
Saved row 200/500 (Δx=-1.101202) with 500/500 successful points in 15.05 s
Saved row 201/500 (Δx=-1.099198) with 500/500 successful points in 15.40 s
Saved row 202/500 (Δx=-1.097194) with 500/500 successful points in 15.14 s
Saved row 203/500 (Δx=-1.095190) with 500/500 successful points in 15.52 s
Saved row 204/500 (Δx=-1.093186) with 500/500 successful points in 15.22 s
Saved row 205/500 (Δx=-1.091182) with 500/500 successful points in 15.16 s
Saved row 206/500 (Δx=-1.089178) with 500/500 successful points in 15.19 s
Saved row 207/500 (Δx=-1.087174) with 500/500 successful points in 15.35 s
Saved row 208/500 (Δx=-1.085170) with 500/500 successful points in 15.21 s
Saved row 209/500 (Δx=-1.083166) with 500/500 successful points in 15.50 s
Saved row 210/500 (Δx=-1.081162) with 500/500 successful points in 15.31 s
Saved row 211/500 (Δx=-1.079158) with 500/500 successful points in 15.64 s
Saved row 212/500 (Δx=-1.077154) with 500/500 successful points in 47.14 s
Saved row 213/500 (Δx=-1.075150) with 500/500 successful points in 26.55 s
Saved row 214/500 (Δx=-1.073146) with 500/500 successful points in 46.51 s
Saved row 215/500 (Δx=-1.071142) with 500/500 successful points in 48.71 s
Saved row 216/500 (Δx=-1.069138) with 500/500 successful points in 37.36 s
Saved row 217/500 (Δx=-1.067134) with 500/500 successful points in 73.47 s
Saved row 218/500 (Δx=-1.065130) with 500/500 successful points in 40.92 s
Saved row 219/500 (Δx=-1.063126) with 500/500 successful points in 23.65 s
Saved row 220/500 (Δx=-1.061122) with 500/500 successful points in 17.83 s
Saved row 221/500 (Δx=-1.059118) with 500/500 successful points in 18.54 s
Saved row 222/500 (Δx=-1.057114) with 500/500 successful points in 16.06 s
Saved row 223/500 (Δx=-1.055110) with 500/500 successful points in 15.92 s
Saved row 224/500 (Δx=-1.053106) with 500/500 successful points in 15.57 s
Saved row 225/500 (Δx=-1.051102) with 500/500 successful points in 16.34 s
Saved row 226/500 (Δx=-1.049098) with 500/500 successful points in 15.80 s
Saved row 227/500 (Δx=-1.047094) with 500/500 successful points in 15.36 s
Saved row 228/500 (Δx=-1.045090) with 500/500 successful points in 15.34 s
Saved row 229/500 (Δx=-1.043086) with 500/500 successful points in 15.29 s
Saved row 230/500 (Δx=-1.041082) with 500/500 successful points in 15.20 s
Saved row 231/500 (Δx=-1.039078) with 500/500 successful points in 15.24 s
Saved row 232/500 (Δx=-1.037074) with 500/500 successful points in 15.13 s
Saved row 233/500 (Δx=-1.035070) with 500/500 successful points in 15.09 s
Saved row 234/500 (Δx=-1.033066) with 500/500 successful points in 15.11 s
Saved row 235/500 (Δx=-1.031062) with 500/500 successful points in 15.11 s
Saved row 236/500 (Δx=-1.029058) with 500/500 successful points in 15.26 s
Saved row 237/500 (Δx=-1.027054) with 500/500 successful points in 15.06 s
Saved row 238/500 (Δx=-1.025050) with 500/500 successful points in 15.54 s
Saved row 239/500 (Δx=-1.023046) with 500/500 successful points in 15.18 s
Saved row 240/500 (Δx=-1.021042) with 500/500 successful points in 15.15 s
Saved row 241/500 (Δx=-1.019038) with 500/500 successful points in 15.55 s
Saved row 242/500 (Δx=-1.017034) with 500/500 successful points in 16.95 s
Saved row 243/500 (Δx=-1.015030) with 500/500 successful points in 17.67 s
Saved row 244/500 (Δx=-1.013026) with 500/500 successful points in 17.10 s
Saved row 245/500 (Δx=-1.011022) with 500/500 successful points in 17.19 s
Saved row 246/500 (Δx=-1.009018) with 500/500 successful points in 17.74 s
Saved row 247/500 (Δx=-1.007014) with 500/500 successful points in 15.92 s
Saved row 248/500 (Δx=-1.005010) with 500/500 successful points in 17.20 s
Saved row 249/500 (Δx=-1.003006) with 500/500 successful points in 17.01 s
Saved row 250/500 (Δx=-1.001002) with 500/500 successful points in 19.16 s
Saved row 251/500 (Δx=-0.998998) with 500/500 successful points in 16.01 s
Saved row 252/500 (Δx=-0.996994) with 500/500 successful points in 16.28 s
Saved row 253/500 (Δx=-0.994990) with 500/500 successful points in 16.00 s
Saved row 254/500 (Δx=-0.992986) with 500/500 successful points in 16.12 s
Saved row 255/500 (Δx=-0.990982) with 500/500 successful points in 17.12 s
Saved row 256/500 (Δx=-0.988978) with 500/500 successful points in 16.37 s
Saved row 257/500 (Δx=-0.986974) with 500/500 successful points in 17.20 s
Saved row 258/500 (Δx=-0.984970) with 500/500 successful points in 17.17 s
Saved row 259/500 (Δx=-0.982966) with 500/500 successful points in 17.61 s
Saved row 260/500 (Δx=-0.980962) with 500/500 successful points in 16.61 s
Saved row 261/500 (Δx=-0.978958) with 500/500 successful points in 17.07 s
Saved row 262/500 (Δx=-0.976954) with 500/500 successful points in 17.11 s
Saved row 263/500 (Δx=-0.974950) with 500/500 successful points in 17.66 s
Saved row 264/500 (Δx=-0.972946) with 500/500 successful points in 16.74 s
Saved row 265/500 (Δx=-0.970942) with 500/500 successful points in 16.96 s
Saved row 266/500 (Δx=-0.968938) with 500/500 successful points in 17.10 s
Saved row 267/500 (Δx=-0.966934) with 500/500 successful points in 17.03 s
Saved row 268/500 (Δx=-0.964930) with 500/500 successful points in 17.05 s
Saved row 269/500 (Δx=-0.962926) with 500/500 successful points in 18.70 s
Saved row 270/500 (Δx=-0.960922) with 500/500 successful points in 17.99 s
Saved row 271/500 (Δx=-0.958918) with 500/500 successful points in 18.74 s
Saved row 272/500 (Δx=-0.956914) with 500/500 successful points in 17.23 s
Saved row 273/500 (Δx=-0.954910) with 500/500 successful points in 18.47 s
Saved row 274/500 (Δx=-0.952906) with 500/500 successful points in 17.07 s
Saved row 275/500 (Δx=-0.950902) with 500/500 successful points in 20.45 s
Saved row 276/500 (Δx=-0.948898) with 500/500 successful points in 17.88 s
Saved row 277/500 (Δx=-0.946894) with 500/500 successful points in 16.84 s
Saved row 278/500 (Δx=-0.944890) with 500/500 successful points in 17.64 s
Saved row 279/500 (Δx=-0.942886) with 500/500 successful points in 17.18 s
Saved row 280/500 (Δx=-0.940882) with 500/500 successful points in 19.56 s
Saved row 281/500 (Δx=-0.938878) with 500/500 successful points in 17.77 s
Saved row 282/500 (Δx=-0.936874) with 500/500 successful points in 20.56 s
Saved row 283/500 (Δx=-0.934870) with 500/500 successful points in 17.22 s
Saved row 284/500 (Δx=-0.932866) with 500/500 successful points in 17.99 s
Saved row 285/500 (Δx=-0.930862) with 500/500 successful points in 18.56 s
Saved row 286/500 (Δx=-0.928858) with 500/500 successful points in 17.32 s
Saved row 287/500 (Δx=-0.926854) with 500/500 successful points in 18.13 s
Saved row 288/500 (Δx=-0.924850) with 500/500 successful points in 17.72 s
Saved row 289/500 (Δx=-0.922846) with 500/500 successful points in 17.20 s
Saved row 290/500 (Δx=-0.920842) with 500/500 successful points in 17.62 s
Saved row 291/500 (Δx=-0.918838) with 500/500 successful points in 17.38 s
Saved row 292/500 (Δx=-0.916834) with 500/500 successful points in 17.34 s
Saved row 293/500 (Δx=-0.914830) with 500/500 successful points in 18.21 s
Saved row 294/500 (Δx=-0.912826) with 500/500 successful points in 17.93 s
Saved row 295/500 (Δx=-0.910822) with 500/500 successful points in 16.78 s
Saved row 296/500 (Δx=-0.908818) with 500/500 successful points in 16.57 s
Saved row 297/500 (Δx=-0.906814) with 500/500 successful points in 16.59 s
Saved row 298/500 (Δx=-0.904810) with 500/500 successful points in 16.68 s
Saved row 299/500 (Δx=-0.902806) with 500/500 successful points in 16.39 s
Saved row 300/500 (Δx=-0.900802) with 500/500 successful points in 16.26 s
Saved row 301/500 (Δx=-0.898798) with 500/500 successful points in 16.65 s
Saved row 302/500 (Δx=-0.896794) with 500/500 successful points in 16.05 s
Saved row 303/500 (Δx=-0.894790) with 500/500 successful points in 16.43 s
Saved row 304/500 (Δx=-0.892786) with 500/500 successful points in 15.97 s
Saved row 305/500 (Δx=-0.890782) with 500/500 successful points in 16.18 s
Saved row 306/500 (Δx=-0.888778) with 500/500 successful points in 16.02 s
Saved row 307/500 (Δx=-0.886774) with 500/500 successful points in 16.17 s
Saved row 308/500 (Δx=-0.884770) with 500/500 successful points in 15.85 s
Saved row 309/500 (Δx=-0.882766) with 500/500 successful points in 16.11 s
Saved row 310/500 (Δx=-0.880762) with 500/500 successful points in 15.83 s
Saved row 311/500 (Δx=-0.878758) with 500/500 successful points in 54.78 s
Saved row 312/500 (Δx=-0.876754) with 500/500 successful points in 54.70 s
Saved row 313/500 (Δx=-0.874749) with 500/500 successful points in 26.97 s
Saved row 314/500 (Δx=-0.872745) with 500/500 successful points in 16.24 s
Saved row 315/500 (Δx=-0.870741) with 500/500 successful points in 16.00 s
Saved row 316/500 (Δx=-0.868737) with 500/500 successful points in 16.15 s
Saved row 317/500 (Δx=-0.866733) with 500/500 successful points in 16.13 s
Saved row 318/500 (Δx=-0.864729) with 500/500 successful points in 15.84 s
Saved row 319/500 (Δx=-0.862725) with 500/500 successful points in 16.29 s
Saved row 320/500 (Δx=-0.860721) with 500/500 successful points in 16.22 s
Saved row 321/500 (Δx=-0.858717) with 500/500 successful points in 16.58 s
Saved row 322/500 (Δx=-0.856713) with 500/500 successful points in 16.75 s
Saved row 323/500 (Δx=-0.854709) with 500/500 successful points in 16.05 s
Saved row 324/500 (Δx=-0.852705) with 500/500 successful points in 16.13 s
Saved row 325/500 (Δx=-0.850701) with 500/500 successful points in 16.03 s
Saved row 326/500 (Δx=-0.848697) with 500/500 successful points in 16.12 s
Saved row 327/500 (Δx=-0.846693) with 500/500 successful points in 16.23 s
Saved row 328/500 (Δx=-0.844689) with 500/500 successful points in 16.24 s
Saved row 329/500 (Δx=-0.842685) with 500/500 successful points in 15.86 s
Saved row 330/500 (Δx=-0.840681) with 500/500 successful points in 16.42 s
Saved row 331/500 (Δx=-0.838677) with 500/500 successful points in 15.93 s
Saved row 332/500 (Δx=-0.836673) with 500/500 successful points in 16.63 s
Saved row 333/500 (Δx=-0.834669) with 500/500 successful points in 16.26 s
Saved row 334/500 (Δx=-0.832665) with 500/500 successful points in 16.01 s
Saved row 335/500 (Δx=-0.830661) with 500/500 successful points in 16.04 s
Saved row 336/500 (Δx=-0.828657) with 500/500 successful points in 16.72 s
Saved row 337/500 (Δx=-0.826653) with 500/500 successful points in 16.42 s
Saved row 338/500 (Δx=-0.824649) with 500/500 successful points in 16.62 s
Saved row 339/500 (Δx=-0.822645) with 500/500 successful points in 16.79 s
Saved row 340/500 (Δx=-0.820641) with 500/500 successful points in 16.80 s
Saved row 341/500 (Δx=-0.818637) with 500/500 successful points in 16.17 s
Saved row 342/500 (Δx=-0.816633) with 500/500 successful points in 16.75 s
Saved row 343/500 (Δx=-0.814629) with 500/500 successful points in 16.32 s
Saved row 344/500 (Δx=-0.812625) with 500/500 successful points in 16.65 s
Saved row 345/500 (Δx=-0.810621) with 500/500 successful points in 16.30 s
Saved row 346/500 (Δx=-0.808617) with 500/500 successful points in 16.76 s
Saved row 347/500 (Δx=-0.806613) with 500/500 successful points in 16.16 s
Saved row 348/500 (Δx=-0.804609) with 500/500 successful points in 16.71 s
Saved row 349/500 (Δx=-0.802605) with 500/500 successful points in 16.51 s
Saved row 350/500 (Δx=-0.800601) with 500/500 successful points in 16.91 s
Saved row 351/500 (Δx=-0.798597) with 500/500 successful points in 16.48 s
Saved row 352/500 (Δx=-0.796593) with 500/500 successful points in 16.77 s
Saved row 353/500 (Δx=-0.794589) with 500/500 successful points in 16.80 s
Saved row 354/500 (Δx=-0.792585) with 500/500 successful points in 16.82 s
Saved row 355/500 (Δx=-0.790581) with 500/500 successful points in 16.60 s
Saved row 356/500 (Δx=-0.788577) with 500/500 successful points in 16.48 s
Saved row 357/500 (Δx=-0.786573) with 500/500 successful points in 16.58 s
Saved row 358/500 (Δx=-0.784569) with 500/500 successful points in 16.50 s
Saved row 359/500 (Δx=-0.782565) with 500/500 successful points in 16.68 s
Saved row 360/500 (Δx=-0.780561) with 500/500 successful points in 16.08 s
Saved row 361/500 (Δx=-0.778557) with 500/500 successful points in 16.74 s
Saved row 362/500 (Δx=-0.776553) with 500/500 successful points in 16.15 s
Saved row 363/500 (Δx=-0.774549) with 500/500 successful points in 16.54 s
Saved row 364/500 (Δx=-0.772545) with 500/500 successful points in 16.11 s
Saved row 365/500 (Δx=-0.770541) with 500/500 successful points in 16.61 s
Saved row 366/500 (Δx=-0.768537) with 500/500 successful points in 16.16 s
Saved row 367/500 (Δx=-0.766533) with 500/500 successful points in 16.54 s
Saved row 368/500 (Δx=-0.764529) with 500/500 successful points in 16.23 s
Saved row 369/500 (Δx=-0.762525) with 500/500 successful points in 16.58 s
Saved row 370/500 (Δx=-0.760521) with 500/500 successful points in 16.21 s
Saved row 371/500 (Δx=-0.758517) with 500/500 successful points in 16.62 s
Saved row 372/500 (Δx=-0.756513) with 500/500 successful points in 16.46 s
Saved row 373/500 (Δx=-0.754509) with 500/500 successful points in 16.64 s
Saved row 374/500 (Δx=-0.752505) with 500/500 successful points in 16.42 s
Saved row 375/500 (Δx=-0.750501) with 500/500 successful points in 16.68 s
Saved row 376/500 (Δx=-0.748497) with 500/500 successful points in 16.45 s
Saved row 377/500 (Δx=-0.746493) with 500/500 successful points in 17.08 s
Saved row 378/500 (Δx=-0.744489) with 500/500 successful points in 16.69 s
Saved row 379/500 (Δx=-0.742485) with 500/500 successful points in 17.27 s
Saved row 380/500 (Δx=-0.740481) with 500/500 successful points in 16.78 s
Saved row 381/500 (Δx=-0.738477) with 500/500 successful points in 17.14 s
Saved row 382/500 (Δx=-0.736473) with 500/500 successful points in 17.00 s
Saved row 383/500 (Δx=-0.734469) with 500/500 successful points in 18.24 s
Saved row 384/500 (Δx=-0.732465) with 500/500 successful points in 17.76 s
Saved row 385/500 (Δx=-0.730461) with 500/500 successful points in 16.88 s
Saved row 386/500 (Δx=-0.728457) with 500/500 successful points in 17.26 s
Saved row 387/500 (Δx=-0.726453) with 500/500 successful points in 16.75 s
Saved row 388/500 (Δx=-0.724449) with 500/500 successful points in 17.09 s
Saved row 389/500 (Δx=-0.722445) with 500/500 successful points in 16.63 s
Saved row 390/500 (Δx=-0.720441) with 500/500 successful points in 17.27 s
Saved row 391/500 (Δx=-0.718437) with 500/500 successful points in 17.03 s
Saved row 392/500 (Δx=-0.716433) with 500/500 successful points in 17.38 s
Saved row 393/500 (Δx=-0.714429) with 500/500 successful points in 17.47 s
Saved row 394/500 (Δx=-0.712425) with 500/500 successful points in 17.51 s
Saved row 395/500 (Δx=-0.710421) with 500/500 successful points in 17.60 s
Saved row 396/500 (Δx=-0.708417) with 500/500 successful points in 16.80 s
Saved row 397/500 (Δx=-0.706413) with 500/500 successful points in 17.43 s
Saved row 398/500 (Δx=-0.704409) with 500/500 successful points in 17.06 s
Saved row 399/500 (Δx=-0.702405) with 500/500 successful points in 17.35 s
Saved row 400/500 (Δx=-0.700401) with 500/500 successful points in 17.30 s
Saved row 401/500 (Δx=-0.698397) with 500/500 successful points in 16.99 s
Saved row 402/500 (Δx=-0.696393) with 500/500 successful points in 17.26 s
Saved row 403/500 (Δx=-0.694389) with 500/500 successful points in 16.91 s
Saved row 404/500 (Δx=-0.692385) with 500/500 successful points in 17.11 s
Saved row 405/500 (Δx=-0.690381) with 500/500 successful points in 16.76 s
Saved row 406/500 (Δx=-0.688377) with 500/500 successful points in 17.57 s
Saved row 407/500 (Δx=-0.686373) with 500/500 successful points in 17.07 s
Saved row 408/500 (Δx=-0.684369) with 500/500 successful points in 17.40 s
Saved row 409/500 (Δx=-0.682365) with 500/500 successful points in 17.06 s
Saved row 410/500 (Δx=-0.680361) with 500/500 successful points in 17.16 s
Saved row 411/500 (Δx=-0.678357) with 500/500 successful points in 16.79 s
Saved row 412/500 (Δx=-0.676353) with 500/500 successful points in 17.22 s
Saved row 413/500 (Δx=-0.674349) with 500/500 successful points in 16.85 s
Saved row 414/500 (Δx=-0.672345) with 500/500 successful points in 17.19 s
Saved row 415/500 (Δx=-0.670341) with 500/500 successful points in 17.56 s
Saved row 416/500 (Δx=-0.668337) with 500/500 successful points in 17.63 s
Saved row 417/500 (Δx=-0.666333) with 500/500 successful points in 17.38 s
Saved row 418/500 (Δx=-0.664329) with 500/500 successful points in 17.15 s
Saved row 419/500 (Δx=-0.662325) with 500/500 successful points in 17.60 s
Saved row 420/500 (Δx=-0.660321) with 500/500 successful points in 16.99 s
Saved row 421/500 (Δx=-0.658317) with 500/500 successful points in 17.17 s
Saved row 422/500 (Δx=-0.656313) with 500/500 successful points in 16.90 s
Saved row 423/500 (Δx=-0.654309) with 500/500 successful points in 16.99 s
Saved row 424/500 (Δx=-0.652305) with 500/500 successful points in 17.23 s
Saved row 425/500 (Δx=-0.650301) with 500/500 successful points in 17.33 s
Saved row 426/500 (Δx=-0.648297) with 500/500 successful points in 17.16 s
Saved row 427/500 (Δx=-0.646293) with 500/500 successful points in 17.34 s
Saved row 428/500 (Δx=-0.644289) with 500/500 successful points in 17.12 s
Saved row 429/500 (Δx=-0.642285) with 500/500 successful points in 17.14 s
Saved row 430/500 (Δx=-0.640281) with 500/500 successful points in 17.27 s
Saved row 431/500 (Δx=-0.638277) with 500/500 successful points in 16.92 s
Saved row 432/500 (Δx=-0.636273) with 500/500 successful points in 17.23 s
Saved row 433/500 (Δx=-0.634269) with 500/500 successful points in 17.20 s
Saved row 434/500 (Δx=-0.632265) with 500/500 successful points in 17.39 s
Saved row 435/500 (Δx=-0.630261) with 500/500 successful points in 17.13 s
Saved row 436/500 (Δx=-0.628257) with 500/500 successful points in 17.36 s
Saved row 437/500 (Δx=-0.626253) with 500/500 successful points in 17.11 s
Saved row 438/500 (Δx=-0.624248) with 500/500 successful points in 17.03 s
Saved row 439/500 (Δx=-0.622244) with 500/500 successful points in 17.21 s
Saved row 440/500 (Δx=-0.620240) with 500/500 successful points in 16.76 s
Saved row 441/500 (Δx=-0.618236) with 500/500 successful points in 17.51 s
Saved row 442/500 (Δx=-0.616232) with 500/500 successful points in 16.81 s
Saved row 443/500 (Δx=-0.614228) with 500/500 successful points in 17.33 s
Saved row 444/500 (Δx=-0.612224) with 500/500 successful points in 17.23 s
Saved row 445/500 (Δx=-0.610220) with 500/500 successful points in 17.71 s
Saved row 446/500 (Δx=-0.608216) with 500/500 successful points in 16.97 s
Saved row 447/500 (Δx=-0.606212) with 500/500 successful points in 17.38 s
Saved row 448/500 (Δx=-0.604208) with 500/500 successful points in 16.95 s
Saved row 449/500 (Δx=-0.602204) with 500/500 successful points in 17.43 s
Saved row 450/500 (Δx=-0.600200) with 500/500 successful points in 17.36 s
Saved row 451/500 (Δx=-0.598196) with 500/500 successful points in 17.65 s
Saved row 452/500 (Δx=-0.596192) with 500/500 successful points in 17.83 s
Saved row 453/500 (Δx=-0.594188) with 500/500 successful points in 16.95 s
Saved row 454/500 (Δx=-0.592184) with 500/500 successful points in 17.93 s
Saved row 455/500 (Δx=-0.590180) with 500/500 successful points in 16.78 s
Saved row 456/500 (Δx=-0.588176) with 500/500 successful points in 16.98 s
Saved row 457/500 (Δx=-0.586172) with 500/500 successful points in 16.44 s
Saved row 458/500 (Δx=-0.584168) with 500/500 successful points in 16.80 s
Saved row 459/500 (Δx=-0.582164) with 500/500 successful points in 16.74 s
Saved row 460/500 (Δx=-0.580160) with 500/500 successful points in 16.89 s
Saved row 461/500 (Δx=-0.578156) with 500/500 successful points in 16.51 s
Saved row 462/500 (Δx=-0.576152) with 500/500 successful points in 17.16 s
Saved row 463/500 (Δx=-0.574148) with 500/500 successful points in 16.63 s
Saved row 464/500 (Δx=-0.572144) with 500/500 successful points in 16.73 s
Saved row 465/500 (Δx=-0.570140) with 500/500 successful points in 17.05 s
Saved row 466/500 (Δx=-0.568136) with 500/500 successful points in 17.20 s
Saved row 467/500 (Δx=-0.566132) with 500/500 successful points in 16.84 s
Saved row 468/500 (Δx=-0.564128) with 500/500 successful points in 16.95 s
Saved row 469/500 (Δx=-0.562124) with 500/500 successful points in 16.76 s
Saved row 470/500 (Δx=-0.560120) with 500/500 successful points in 16.44 s
Saved row 471/500 (Δx=-0.558116) with 500/500 successful points in 16.68 s
Saved row 472/500 (Δx=-0.556112) with 500/500 successful points in 16.35 s
Saved row 473/500 (Δx=-0.554108) with 500/500 successful points in 16.36 s
Saved row 474/500 (Δx=-0.552104) with 500/500 successful points in 16.80 s
Saved row 475/500 (Δx=-0.550100) with 500/500 successful points in 16.59 s
Saved row 476/500 (Δx=-0.548096) with 500/500 successful points in 16.51 s
Saved row 477/500 (Δx=-0.546092) with 500/500 successful points in 16.86 s
Saved row 478/500 (Δx=-0.544088) with 500/500 successful points in 16.90 s
Saved row 479/500 (Δx=-0.542084) with 500/500 successful points in 16.43 s
Saved row 480/500 (Δx=-0.540080) with 500/500 successful points in 16.83 s
Saved row 481/500 (Δx=-0.538076) with 500/500 successful points in 16.47 s
Saved row 482/500 (Δx=-0.536072) with 500/500 successful points in 16.82 s
Saved row 483/500 (Δx=-0.534068) with 500/500 successful points in 16.68 s
Saved row 484/500 (Δx=-0.532064) with 500/500 successful points in 25.92 s
Saved row 485/500 (Δx=-0.530060) with 500/500 successful points in 45.79 s
Saved row 486/500 (Δx=-0.528056) with 500/500 successful points in 73.67 s
Saved row 487/500 (Δx=-0.526052) with 500/500 successful points in 25.11 s
Saved row 488/500 (Δx=-0.524048) with 500/500 successful points in 20.06 s
Saved row 489/500 (Δx=-0.522044) with 500/500 successful points in 15.97 s
Saved row 490/500 (Δx=-0.520040) with 500/500 successful points in 15.99 s
Saved row 491/500 (Δx=-0.518036) with 500/500 successful points in 15.76 s
Saved row 492/500 (Δx=-0.516032) with 500/500 successful points in 15.89 s
Saved row 493/500 (Δx=-0.514028) with 500/500 successful points in 15.73 s
Saved row 494/500 (Δx=-0.512024) with 500/500 successful points in 15.92 s
Saved row 495/500 (Δx=-0.510020) with 500/500 successful points in 15.82 s
Saved row 496/500 (Δx=-0.508016) with 500/500 successful points in 15.97 s
Saved row 497/500 (Δx=-0.506012) with 500/500 successful points in 16.00 s
Saved row 498/500 (Δx=-0.504008) with 500/500 successful points in 16.20 s
Saved row 499/500 (Δx=-0.502004) with 500/500 successful points in 15.98 s
Saved row 500/500 (Δx=-0.500000) with 500/500 successful points in 16.01 s
  Activating project at `~/Documents/Dev/MultimodalMaps.jl`
  Activating project at `~/Documents/Dev/MultimodalMaps.jl`
  Activating project at `~/Documents/Dev/MultimodalMaps.jl`
Successful points: 250000 / 250000
Unique T encodings: 13802
Unique gamma encodings: 11159
Saved merged results to /Users/carterhinsley/Documents/Dev/MultimodalMaps.jl/kneading/experiment/attempt-010/grid500_seq6_contours_results.tsv
Saved T legend to /Users/carterhinsley/Documents/Dev/MultimodalMaps.jl/kneading/experiment/attempt-010/grid500_seq6_contours_T_legend.tsv
Saved gamma legend to /Users/carterhinsley/Documents/Dev/MultimodalMaps.jl/kneading/experiment/attempt-010/grid500_seq6_contours_gamma_legend.tsv
Saved contour plot to /Users/carterhinsley/Documents/Dev/MultimodalMaps.jl/kneading/experiment/attempt-010/grid500_seq6_contours_contours.png
