Running attempt-010 contour scan.
Grid: 50 ΔCa points × 50 Δx points
Julia threads: 6, output tag: wide50x50_seq4, max sequence length: 4
Row checkpoint directory: /Users/carterhinsley/Documents/Dev/MultimodalMaps.jl/kneading/experiment/attempt-010/wide50x50_seq4_rows
Saved row 1/50 (Δx=-1.500000) with 37/50 successful points in 36.99 s
Saved row 2/50 (Δx=-1.479592) with 37/50 successful points in 7.71 s
Saved row 3/50 (Δx=-1.459184) with 40/50 successful points in 6.99 s
Saved row 4/50 (Δx=-1.438776) with 45/50 successful points in 5.28 s
Saved row 5/50 (Δx=-1.418367) with 45/50 successful points in 6.35 s
Saved row 6/50 (Δx=-1.397959) with 45/50 successful points in 6.51 s
Saved row 7/50 (Δx=-1.377551) with 46/50 successful points in 1.96 s
Saved row 8/50 (Δx=-1.357143) with 46/50 successful points in 1.97 s
Saved row 9/50 (Δx=-1.336735) with 45/50 successful points in 2.01 s
Saved row 10/50 (Δx=-1.316327) with 47/50 successful points in 1.99 s
Saved row 11/50 (Δx=-1.295918) with 47/50 successful points in 2.18 s
Saved row 12/50 (Δx=-1.275510) with 47/50 successful points in 2.47 s
Saved row 13/50 (Δx=-1.255102) with 47/50 successful points in 2.50 s
Saved row 14/50 (Δx=-1.234694) with 47/50 successful points in 2.52 s
Saved row 15/50 (Δx=-1.214286) with 47/50 successful points in 6.13 s
Saved row 16/50 (Δx=-1.193878) with 48/50 successful points in 8.56 s
Saved row 17/50 (Δx=-1.173469) with 48/50 successful points in 7.43 s
Saved row 18/50 (Δx=-1.153061) with 48/50 successful points in 8.04 s
Saved row 19/50 (Δx=-1.132653) with 48/50 successful points in 7.61 s
Saved row 20/50 (Δx=-1.112245) with 49/50 successful points in 6.49 s
Saved row 21/50 (Δx=-1.091837) with 49/50 successful points in 6.70 s
Saved row 22/50 (Δx=-1.071429) with 49/50 successful points in 6.37 s
Saved row 23/50 (Δx=-1.051020) with 49/50 successful points in 2.41 s
Saved row 24/50 (Δx=-1.030612) with 49/50 successful points in 2.36 s
Saved row 25/50 (Δx=-1.010204) with 49/50 successful points in 2.55 s
Saved row 26/50 (Δx=-0.989796) with 49/50 successful points in 2.56 s
Saved row 27/50 (Δx=-0.969388) with 49/50 successful points in 2.38 s
Saved row 28/50 (Δx=-0.948980) with 49/50 successful points in 2.44 s
Saved row 29/50 (Δx=-0.928571) with 50/50 successful points in 2.58 s
Saved row 30/50 (Δx=-0.908163) with 50/50 successful points in 2.53 s
Saved row 31/50 (Δx=-0.887755) with 50/50 successful points in 2.44 s
Saved row 32/50 (Δx=-0.867347) with 50/50 successful points in 2.44 s
Saved row 33/50 (Δx=-0.846939) with 50/50 successful points in 2.52 s
Saved row 34/50 (Δx=-0.826531) with 50/50 successful points in 2.57 s
Saved row 35/50 (Δx=-0.806122) with 50/50 successful points in 2.58 s
Saved row 36/50 (Δx=-0.785714) with 50/50 successful points in 2.91 s
Saved row 37/50 (Δx=-0.765306) with 50/50 successful points in 2.64 s
Saved row 38/50 (Δx=-0.744898) with 50/50 successful points in 2.69 s
Saved row 39/50 (Δx=-0.724490) with 50/50 successful points in 2.72 s
Saved row 40/50 (Δx=-0.704082) with 50/50 successful points in 2.70 s
Saved row 41/50 (Δx=-0.683673) with 50/50 successful points in 2.66 s
Saved row 42/50 (Δx=-0.663265) with 50/50 successful points in 2.73 s
Saved row 43/50 (Δx=-0.642857) with 50/50 successful points in 2.74 s
Saved row 44/50 (Δx=-0.622449) with 50/50 successful points in 2.79 s
Saved row 45/50 (Δx=-0.602041) with 50/50 successful points in 2.80 s
Saved row 46/50 (Δx=-0.581633) with 50/50 successful points in 2.88 s
Saved row 47/50 (Δx=-0.561224) with 50/50 successful points in 3.34 s
Saved row 48/50 (Δx=-0.540816) with 50/50 successful points in 3.10 s
Saved row 49/50 (Δx=-0.520408) with 49/50 successful points in 2.95 s
Saved row 50/50 (Δx=-0.500000) with 49/50 successful points in 2.72 s
  Activating project at `~/Documents/Dev/MultimodalMaps.jl`
  Activating project at `~/Documents/Dev/MultimodalMaps.jl`
  Activating project at `~/Documents/Dev/MultimodalMaps.jl`
Successful points: 2399 / 2500
Unique T encodings: 537
Unique gamma encodings: 769
Saved merged results to /Users/carterhinsley/Documents/Dev/MultimodalMaps.jl/kneading/experiment/attempt-010/wide50x50_seq4_results.tsv
Saved T legend to /Users/carterhinsley/Documents/Dev/MultimodalMaps.jl/kneading/experiment/attempt-010/wide50x50_seq4_T_legend.tsv
Saved gamma legend to /Users/carterhinsley/Documents/Dev/MultimodalMaps.jl/kneading/experiment/attempt-010/wide50x50_seq4_gamma_legend.tsv
Saved contour plot to /Users/carterhinsley/Documents/Dev/MultimodalMaps.jl/kneading/experiment/attempt-010/wide50x50_seq4_contours.png
