  Activating project at `~/Documents/Dev/MultimodalMaps.jl`
  Activating project at `~/Documents/Dev/MultimodalMaps.jl`
  Activating project at `~/Documents/Dev/MultimodalMaps.jl`
  Activating project at `~/Documents/Dev/MultimodalMaps.jl`
Running attempt-054 tangent-sign Ca-minimum contour scan.
Grid: 200 Delta Ca points x 200 Delta x points
Output tag: grid200_tangent_ca_sign_tmax1e5_iter8
Tangent tmax: 100000.0, iterates: 8, Julia threads: 10
Column checkpoint directory: /Users/carterhinsley/Documents/Dev/MultimodalMaps.jl/kneading/experiment/attempt-054/grid200_tangent_ca_sign_tmax1e5_iter8_columns
Saved column 1/200 (Delta Ca=-45.000000) with 200/200 successful points in 12.59 s
Saved column 21/200 (Delta Ca=-42.487437) with 200/200 successful points in 12.74 s
Saved column 61/200 (Delta Ca=-37.462312) with 200/200 successful points in 13.60 s
Saved column 81/200 (Delta Ca=-34.949749) with 200/200 successful points in 13.71 s
Saved column 41/200 (Delta Ca=-39.974874) with 200/200 successful points in 13.89 s
Saved column 101/200 (Delta Ca=-32.437186) with 200/200 successful points in 14.42 s
Saved column 121/200 (Delta Ca=-29.924623) with 200/200 successful points in 15.05 s
Saved column 141/200 (Delta Ca=-27.412060) with 200/200 successful points in 15.94 s
Saved column 161/200 (Delta Ca=-24.899497) with 200/200 successful points in 16.46 s
Saved column 181/200 (Delta Ca=-22.386935) with 200/200 successful points in 17.07 s
Saved column 2/200 (Delta Ca=-44.874372) with 200/200 successful points in 9.63 s
Saved column 22/200 (Delta Ca=-42.361809) with 200/200 successful points in 10.62 s
Saved column 62/200 (Delta Ca=-37.336683) with 200/200 successful points in 11.16 s
Saved column 42/200 (Delta Ca=-39.849246) with 200/200 successful points in 10.98 s
Saved column 82/200 (Delta Ca=-34.824121) with 200/200 successful points in 11.50 s
Saved column 102/200 (Delta Ca=-32.311558) with 200/200 successful points in 12.36 s
Saved column 122/200 (Delta Ca=-29.798995) with 200/200 successful points in 13.30 s
Saved column 142/200 (Delta Ca=-27.286432) with 200/200 successful points in 14.09 s
Saved column 162/200 (Delta Ca=-24.773869) with 200/200 successful points in 14.86 s
Saved column 182/200 (Delta Ca=-22.261307) with 200/200 successful points in 15.59 s
Saved column 3/200 (Delta Ca=-44.748744) with 200/200 successful points in 10.68 s
Saved column 23/200 (Delta Ca=-42.236181) with 200/200 successful points in 11.50 s
Saved column 63/200 (Delta Ca=-37.211055) with 200/200 successful points in 11.78 s
Saved column 43/200 (Delta Ca=-39.723618) with 200/200 successful points in 11.70 s
Saved column 83/200 (Delta Ca=-34.698492) with 200/200 successful points in 12.35 s
Saved column 103/200 (Delta Ca=-32.185930) with 200/200 successful points in 12.94 s
Saved column 123/200 (Delta Ca=-29.673367) with 200/200 successful points in 13.92 s
Saved column 4/200 (Delta Ca=-44.623116) with 200/200 successful points in 10.71 s
Saved column 143/200 (Delta Ca=-27.160804) with 200/200 successful points in 14.93 s
Saved column 24/200 (Delta Ca=-42.110553) with 200/200 successful points in 11.65 s
Saved column 163/200 (Delta Ca=-24.648241) with 200/200 successful points in 15.44 s
Saved column 64/200 (Delta Ca=-37.085427) with 200/200 successful points in 11.73 s
Saved column 44/200 (Delta Ca=-39.597990) with 200/200 successful points in 11.77 s
Saved column 183/200 (Delta Ca=-22.135678) with 200/200 successful points in 15.95 s
Saved column 84/200 (Delta Ca=-34.572864) with 200/200 successful points in 12.48 s
Saved column 104/200 (Delta Ca=-32.060302) with 200/200 successful points in 13.19 s
Saved column 5/200 (Delta Ca=-44.497487) with 200/200 successful points in 13.48 s
Saved column 124/200 (Delta Ca=-29.547739) with 200/200 successful points in 17.25 s
Saved column 25/200 (Delta Ca=-41.984925) with 200/200 successful points in 14.74 s
Saved column 144/200 (Delta Ca=-27.035176) with 200/200 successful points in 18.04 s
Saved column 65/200 (Delta Ca=-36.959799) with 200/200 successful points in 15.85 s
Saved column 45/200 (Delta Ca=-39.472362) with 200/200 successful points in 15.91 s
Saved column 164/200 (Delta Ca=-24.522613) with 200/200 successful points in 19.56 s
Saved column 85/200 (Delta Ca=-34.447236) with 200/200 successful points in 16.76 s
Saved column 184/200 (Delta Ca=-22.010050) with 200/200 successful points in 20.26 s
Saved column 6/200 (Delta Ca=-44.371859) with 200/200 successful points in 13.23 s
Saved column 105/200 (Delta Ca=-31.934673) with 200/200 successful points in 17.94 s
Saved column 26/200 (Delta Ca=-41.859296) with 200/200 successful points in 13.32 s
Saved column 125/200 (Delta Ca=-29.422111) with 200/200 successful points in 16.58 s
Saved column 66/200 (Delta Ca=-36.834171) with 200/200 successful points in 13.80 s
Saved column 46/200 (Delta Ca=-39.346734) with 200/200 successful points in 13.98 s
Saved column 145/200 (Delta Ca=-26.909548) with 200/200 successful points in 16.84 s
Saved column 86/200 (Delta Ca=-34.321608) with 200/200 successful points in 15.22 s
Saved column 7/200 (Delta Ca=-44.246231) with 200/200 successful points in 12.32 s
Saved column 165/200 (Delta Ca=-24.396985) with 200/200 successful points in 18.34 s
Saved column 106/200 (Delta Ca=-31.809045) with 200/200 successful points in 16.47 s
Saved column 27/200 (Delta Ca=-41.733668) with 200/200 successful points in 14.08 s
Saved column 185/200 (Delta Ca=-21.884422) with 200/200 successful points in 19.98 s
Saved column 67/200 (Delta Ca=-36.708543) with 200/200 successful points in 15.17 s
Saved column 126/200 (Delta Ca=-29.296482) with 200/200 successful points in 17.29 s
Saved column 47/200 (Delta Ca=-39.221106) with 200/200 successful points in 15.15 s
Saved column 8/200 (Delta Ca=-44.120603) with 200/200 successful points in 14.57 s
Saved column 87/200 (Delta Ca=-34.195980) with 200/200 successful points in 17.04 s
Saved column 146/200 (Delta Ca=-26.783920) with 200/200 successful points in 19.41 s
Saved column 28/200 (Delta Ca=-41.608040) with 200/200 successful points in 15.41 s
Saved column 107/200 (Delta Ca=-31.683417) with 200/200 successful points in 18.36 s
Saved column 166/200 (Delta Ca=-24.271357) with 200/200 successful points in 21.35 s
Saved column 68/200 (Delta Ca=-36.582915) with 200/200 successful points in 16.80 s
Saved column 48/200 (Delta Ca=-39.095477) with 200/200 successful points in 16.54 s
Saved column 186/200 (Delta Ca=-21.758794) with 200/200 successful points in 23.11 s
Saved column 9/200 (Delta Ca=-43.994975) with 200/200 successful points in 15.78 s
Saved column 127/200 (Delta Ca=-29.170854) with 200/200 successful points in 20.42 s
Saved column 88/200 (Delta Ca=-34.070352) with 200/200 successful points in 20.89 s
Saved column 147/200 (Delta Ca=-26.658291) with 200/200 successful points in 24.23 s
Saved column 29/200 (Delta Ca=-41.482412) with 200/200 successful points in 19.80 s
Saved column 108/200 (Delta Ca=-31.557789) with 200/200 successful points in 23.97 s
Saved column 49/200 (Delta Ca=-38.969849) with 200/200 successful points in 22.68 s
Saved column 69/200 (Delta Ca=-36.457286) with 200/200 successful points in 23.41 s
Saved column 10/200 (Delta Ca=-43.869347) with 200/200 successful points in 21.21 s
Saved column 167/200 (Delta Ca=-24.145729) with 200/200 successful points in 28.77 s
Saved column 128/200 (Delta Ca=-29.045226) with 200/200 successful points in 28.52 s
Saved column 187/200 (Delta Ca=-21.633166) with 200/200 successful points in 32.21 s
Saved column 89/200 (Delta Ca=-33.944724) with 200/200 successful points in 24.86 s
Saved column 30/200 (Delta Ca=-41.356784) with 200/200 successful points in 24.20 s
Saved column 148/200 (Delta Ca=-26.532663) with 200/200 successful points in 32.71 s
Saved column 11/200 (Delta Ca=-43.743719) with 200/200 successful points in 26.57 s
Saved column 50/200 (Delta Ca=-38.844221) with 200/200 successful points in 28.67 s
Saved column 109/200 (Delta Ca=-31.432161) with 200/200 successful points in 32.84 s
Saved column 70/200 (Delta Ca=-36.331658) with 200/200 successful points in 29.70 s
Saved column 168/200 (Delta Ca=-24.020101) with 200/200 successful points in 41.24 s
Saved column 90/200 (Delta Ca=-33.819095) with 200/200 successful points in 37.83 s
Saved column 31/200 (Delta Ca=-41.231156) with 200/200 successful points in 36.63 s
Saved column 129/200 (Delta Ca=-28.919598) with 200/200 successful points in 43.02 s
Saved column 188/200 (Delta Ca=-21.507538) with 200/200 successful points in 54.25 s
Saved column 12/200 (Delta Ca=-43.618090) with 200/200 successful points in 38.40 s
Saved column 51/200 (Delta Ca=-38.718593) with 200/200 successful points in 40.62 s
Saved column 71/200 (Delta Ca=-36.206030) with 200/200 successful points in 40.30 s
Saved column 149/200 (Delta Ca=-26.407035) with 200/200 successful points in 48.58 s
Saved column 110/200 (Delta Ca=-31.306533) with 200/200 successful points in 44.20 s
Saved column 32/200 (Delta Ca=-41.105528) with 200/200 successful points in 32.89 s
Saved column 91/200 (Delta Ca=-33.693467) with 200/200 successful points in 36.25 s
Saved column 169/200 (Delta Ca=-23.894472) with 200/200 successful points in 46.71 s
Saved column 130/200 (Delta Ca=-28.793970) with 200/200 successful points in 41.81 s
Saved column 13/200 (Delta Ca=-43.492462) with 200/200 successful points in 28.53 s
Saved column 52/200 (Delta Ca=-38.592965) with 200/200 successful points in 31.17 s
Saved column 72/200 (Delta Ca=-36.080402) with 200/200 successful points in 31.77 s
Saved column 111/200 (Delta Ca=-31.180905) with 200/200 successful points in 34.89 s
Saved column 189/200 (Delta Ca=-21.381910) with 200/200 successful points in 43.48 s
Saved column 150/200 (Delta Ca=-26.281407) with 200/200 successful points in 39.56 s
Saved column 33/200 (Delta Ca=-40.979899) with 200/200 successful points in 30.35 s
Saved column 92/200 (Delta Ca=-33.567839) with 200/200 successful points in 33.55 s
Saved column 14/200 (Delta Ca=-43.366834) with 200/200 successful points in 26.75 s
Saved column 131/200 (Delta Ca=-28.668342) with 200/200 successful points in 37.12 s
Saved column 170/200 (Delta Ca=-23.768844) with 200/200 successful points in 42.08 s
Saved column 53/200 (Delta Ca=-38.467337) with 200/200 successful points in 32.22 s
Saved column 73/200 (Delta Ca=-35.954774) with 200/200 successful points in 32.36 s
Saved column 112/200 (Delta Ca=-31.055276) with 200/200 successful points in 33.98 s
Saved column 34/200 (Delta Ca=-40.854271) with 200/200 successful points in 28.25 s
Saved column 151/200 (Delta Ca=-26.155779) with 200/200 successful points in 36.58 s
Saved column 15/200 (Delta Ca=-43.241206) with 200/200 successful points in 26.38 s
Saved column 93/200 (Delta Ca=-33.442211) with 200/200 successful points in 30.61 s
Saved column 190/200 (Delta Ca=-21.256281) with 200/200 successful points in 41.46 s
Saved column 54/200 (Delta Ca=-38.341709) with 200/200 successful points in 24.60 s
Saved column 74/200 (Delta Ca=-35.829146) with 200/200 successful points in 25.04 s
Saved column 132/200 (Delta Ca=-28.542714) with 200/200 successful points in 29.43 s
Saved column 171/200 (Delta Ca=-23.643216) with 200/200 successful points in 33.71 s
Saved column 35/200 (Delta Ca=-40.728643) with 200/200 successful points in 25.87 s
Saved column 113/200 (Delta Ca=-30.929648) with 200/200 successful points in 29.73 s
Saved column 16/200 (Delta Ca=-43.115578) with 200/200 successful points in 24.88 s
Saved column 94/200 (Delta Ca=-33.316583) with 200/200 successful points in 27.68 s
Saved column 152/200 (Delta Ca=-26.030151) with 200/200 successful points in 32.99 s
Saved column 55/200 (Delta Ca=-38.216080) with 200/200 successful points in 27.07 s
Saved column 75/200 (Delta Ca=-35.703518) with 200/200 successful points in 27.23 s
Saved column 191/200 (Delta Ca=-21.130653) with 200/200 successful points in 38.87 s
Saved column 133/200 (Delta Ca=-28.417085) with 200/200 successful points in 32.99 s
Saved column 36/200 (Delta Ca=-40.603015) with 200/200 successful points in 27.28 s
Saved column 17/200 (Delta Ca=-42.989950) with 200/200 successful points in 25.81 s
Saved column 172/200 (Delta Ca=-23.517588) with 200/200 successful points in 35.86 s
Saved column 114/200 (Delta Ca=-30.804020) with 200/200 successful points in 30.67 s
Saved column 95/200 (Delta Ca=-33.190955) with 200/200 successful points in 28.99 s
Saved column 56/200 (Delta Ca=-38.090452) with 200/200 successful points in 28.45 s
Saved column 76/200 (Delta Ca=-35.577889) with 200/200 successful points in 28.01 s
Saved column 153/200 (Delta Ca=-25.904523) with 200/200 successful points in 34.71 s
Saved column 37/200 (Delta Ca=-40.477387) with 200/200 successful points in 25.91 s
Saved column 18/200 (Delta Ca=-42.864322) with 200/200 successful points in 24.03 s
Saved column 134/200 (Delta Ca=-28.291457) with 200/200 successful points in 31.91 s
Saved column 192/200 (Delta Ca=-21.005025) with 200/200 successful points in 39.27 s
Saved column 115/200 (Delta Ca=-30.678392) with 200/200 successful points in 30.27 s
Saved column 96/200 (Delta Ca=-33.065327) with 200/200 successful points in 27.28 s
Saved column 173/200 (Delta Ca=-23.391960) with 200/200 successful points in 33.47 s
Saved column 57/200 (Delta Ca=-37.964824) with 200/200 successful points in 25.37 s
Saved column 77/200 (Delta Ca=-35.452261) with 200/200 successful points in 25.23 s
Saved column 19/200 (Delta Ca=-42.738693) with 200/200 successful points in 23.69 s
Saved column 38/200 (Delta Ca=-40.351759) with 200/200 successful points in 25.00 s
Saved column 154/200 (Delta Ca=-25.778894) with 200/200 successful points in 31.78 s
Saved column 135/200 (Delta Ca=-28.165829) with 200/200 successful points in 30.64 s
Saved column 97/200 (Delta Ca=-32.939698) with 200/200 successful points in 28.13 s
Saved column 116/200 (Delta Ca=-30.552764) with 200/200 successful points in 29.79 s
Saved column 58/200 (Delta Ca=-37.839196) with 200/200 successful points in 25.98 s
Saved column 193/200 (Delta Ca=-20.879397) with 200/200 successful points in 37.29 s
Saved column 78/200 (Delta Ca=-35.326633) with 200/200 successful points in 25.94 s
Saved column 174/200 (Delta Ca=-23.266332) with 200/200 successful points in 33.36 s
Saved column 20/200 (Delta Ca=-42.613065) with 200/200 successful points in 24.16 s
Saved column 39/200 (Delta Ca=-40.226131) with 200/200 successful points in 24.74 s
Saved column 155/200 (Delta Ca=-25.653266) with 200/200 successful points in 31.19 s
Saved column 136/200 (Delta Ca=-28.040201) with 200/200 successful points in 29.07 s
Saved column 59/200 (Delta Ca=-37.713568) with 200/200 successful points in 22.98 s
Saved column 98/200 (Delta Ca=-32.814070) with 200/200 successful points in 24.72 s
Saved column 79/200 (Delta Ca=-35.201005) with 200/200 successful points in 24.06 s
Saved column 117/200 (Delta Ca=-30.427136) with 200/200 successful points in 27.34 s
Saved column 40/200 (Delta Ca=-40.100503) with 200/200 successful points in 23.55 s
Saved column 175/200 (Delta Ca=-23.140704) with 200/200 successful points in 30.85 s
Saved column 194/200 (Delta Ca=-20.753769) with 200/200 successful points in 34.79 s
Saved column 156/200 (Delta Ca=-25.527638) with 200/200 successful points in 29.93 s
Saved column 60/200 (Delta Ca=-37.587940) with 200/200 successful points in 23.68 s
Saved column 99/200 (Delta Ca=-32.688442) with 200/200 successful points in 25.11 s
Saved column 80/200 (Delta Ca=-35.075377) with 200/200 successful points in 23.70 s
Saved column 137/200 (Delta Ca=-27.914573) with 200/200 successful points in 28.70 s
Saved column 118/200 (Delta Ca=-30.301508) with 200/200 successful points in 25.25 s
Saved column 176/200 (Delta Ca=-23.015075) with 200/200 successful points in 26.06 s
Saved column 195/200 (Delta Ca=-20.628141) with 200/200 successful points in 28.44 s
Saved column 100/200 (Delta Ca=-32.562814) with 200/200 successful points in 18.44 s
Saved column 157/200 (Delta Ca=-25.402010) with 200/200 successful points in 22.41 s
Saved column 138/200 (Delta Ca=-27.788945) with 200/200 successful points in 19.43 s
Saved column 119/200 (Delta Ca=-30.175879) with 200/200 successful points in 18.60 s
Saved column 177/200 (Delta Ca=-22.889447) with 200/200 successful points in 19.00 s
Saved column 158/200 (Delta Ca=-25.276382) with 200/200 successful points in 17.53 s
Saved column 196/200 (Delta Ca=-20.502513) with 200/200 successful points in 20.55 s
Saved column 139/200 (Delta Ca=-27.663317) with 200/200 successful points in 16.68 s
Saved column 120/200 (Delta Ca=-30.050251) with 200/200 successful points in 16.11 s
Saved column 178/200 (Delta Ca=-22.763819) with 200/200 successful points in 17.59 s
Saved column 159/200 (Delta Ca=-25.150754) with 200/200 successful points in 16.86 s
Saved column 140/200 (Delta Ca=-27.537688) with 200/200 successful points in 16.00 s
Saved column 197/200 (Delta Ca=-20.376884) with 200/200 successful points in 18.85 s
Saved column 179/200 (Delta Ca=-22.638191) with 200/200 successful points in 16.37 s
Saved column 160/200 (Delta Ca=-25.025126) with 200/200 successful points in 15.01 s
Saved column 198/200 (Delta Ca=-20.251256) with 200/200 successful points in 16.83 s
Saved column 180/200 (Delta Ca=-22.512563) with 200/200 successful points in 13.34 s
Saved column 199/200 (Delta Ca=-20.125628) with 200/200 successful points in 12.84 s
Saved column 200/200 (Delta Ca=-20.000000) with 200/200 successful points in 11.64 s
Successful points: 40000 / 40000
Saved merged results to /Users/carterhinsley/Documents/Dev/MultimodalMaps.jl/kneading/experiment/attempt-054/grid200_tangent_ca_sign_tmax1e5_iter8_results.tsv
Saved contour plot to /Users/carterhinsley/Documents/Dev/MultimodalMaps.jl/kneading/experiment/attempt-054/grid200_tangent_ca_sign_tmax1e5_iter8_contours.png
Saved summary to /Users/carterhinsley/Documents/Dev/MultimodalMaps.jl/kneading/experiment/attempt-054/grid200_tangent_ca_sign_tmax1e5_iter8_summary.txt
Elapsed 562.89 s
