  Activating project at `~/Documents/Dev/MultimodalMaps.jl`
  Activating project at `~/Documents/Dev/MultimodalMaps.jl`
  Activating project at `~/Documents/Dev/MultimodalMaps.jl`
  Activating project at `~/Documents/Dev/MultimodalMaps.jl`
Running attempt-054 tangent-sign Ca-minimum contour scan.
Grid: 10 Delta Ca points x 10 Delta x points
Output tag: local10x10_tangent_ca_dotzero_tmax1e5_iter8_activegamma
Tangent tmax: 100000.0, iterates: 8, Julia threads: 8
Column checkpoint directory: /Users/carterhinsley/Documents/Dev/MultimodalMaps.jl/kneading/experiment/attempt-054/local10x10_tangent_ca_dotzero_tmax1e5_iter8_activegamma_columns
Saved column 1/10 (Delta Ca=-45.000000) with 10/10 successful points in 9.34 s
Saved column 5/10 (Delta Ca=-33.888889) with 10/10 successful points in 9.61 s
Saved column 3/10 (Delta Ca=-39.444444) with 10/10 successful points in 9.61 s
Saved column 6/10 (Delta Ca=-31.111111) with 10/10 successful points in 9.62 s
Saved column 8/10 (Delta Ca=-25.555556) with 10/10 successful points in 9.21 s
Saved column 7/10 (Delta Ca=-28.333333) with 10/10 successful points in 9.65 s
Saved column 9/10 (Delta Ca=-22.777778) with 10/10 successful points in 9.65 s
Saved column 10/10 (Delta Ca=-20.000000) with 10/10 successful points in 9.69 s
Saved column 2/10 (Delta Ca=-42.222222) with 10/10 successful points in 0.97 s
Saved column 4/10 (Delta Ca=-36.666667) with 10/10 successful points in 0.98 s
Successful points: 100 / 100
Saved merged results to /Users/carterhinsley/Documents/Dev/MultimodalMaps.jl/kneading/experiment/attempt-054/local10x10_tangent_ca_dotzero_tmax1e5_iter8_activegamma_results.tsv
Saved contour plot to /Users/carterhinsley/Documents/Dev/MultimodalMaps.jl/kneading/experiment/attempt-054/local10x10_tangent_ca_dotzero_tmax1e5_iter8_activegamma_contours.png
Saved summary to /Users/carterhinsley/Documents/Dev/MultimodalMaps.jl/kneading/experiment/attempt-054/local10x10_tangent_ca_dotzero_tmax1e5_iter8_activegamma_summary.txt
Elapsed 44.08 s
