Running attempt-016 full scan with remap resolution 40
Repo root: /Users/carterhinsley/Documents/Dev/MultimodalMaps.jl
Julia threads: 6
  Activating project at `~/Documents/Dev/MultimodalMaps.jl`
  Activating project at `~/Documents/Dev/MultimodalMaps.jl`
  Activating project at `~/Documents/Dev/MultimodalMaps.jl`
  Activating project at `~/Documents/Dev/MultimodalMaps.jl`
Running attempt-016 contour scan.
Grid: 500 ΔCa points × 500 Δx points
Julia threads: 6, output tag: grid500_seq7_prefixes_remap40, max sequence length: 7, remap resolution: 40
T0 continuation refinement steps: 5, Ca-window: 0.003
Column checkpoint directory: /Users/carterhinsley/Documents/Dev/MultimodalMaps.jl/kneading/experiment/attempt-016/grid500_seq7_prefixes_remap40_columns
Saved column 1/500 (ΔCa=-45.000000) with 343/500 successful points in 33.16 s
Saved column 85/500 (ΔCa=-40.791583) with 500/500 successful points in 36.09 s
Saved column 169/500 (ΔCa=-36.583166) with 500/500 successful points in 40.99 s
Saved column 252/500 (ΔCa=-32.424850) with 500/500 successful points in 43.12 s
Saved column 335/500 (ΔCa=-28.266533) with 500/500 successful points in 47.33 s
Saved column 418/500 (ΔCa=-24.108216) with 500/500 successful points in 50.35 s
Saved column 2/500 (ΔCa=-44.949900) with 350/500 successful points in 36.54 s
Saved column 86/500 (ΔCa=-40.741483) with 500/500 successful points in 58.56 s
Saved column 170/500 (ΔCa=-36.533066) with 500/500 successful points in 69.53 s
Saved column 253/500 (ΔCa=-32.374749) with 500/500 successful points in 74.60 s
Saved column 336/500 (ΔCa=-28.216433) with 500/500 successful points in 82.13 s
Saved column 3/500 (ΔCa=-44.899800) with 357/500 successful points in 60.81 s
Saved column 419/500 (ΔCa=-24.058116) with 500/500 successful points in 85.69 s
Saved column 87/500 (ΔCa=-40.691383) with 500/500 successful points in 47.60 s
Saved column 171/500 (ΔCa=-36.482966) with 500/500 successful points in 50.56 s
Saved column 4/500 (ΔCa=-44.849699) with 363/500 successful points in 35.56 s
Saved column 254/500 (ΔCa=-32.324649) with 500/500 successful points in 50.61 s
Saved column 88/500 (ΔCa=-40.641283) with 500/500 successful points in 39.90 s
Saved column 337/500 (ΔCa=-28.166333) with 500/500 successful points in 53.15 s
Saved column 420/500 (ΔCa=-24.008016) with 500/500 successful points in 57.27 s
Saved column 5/500 (ΔCa=-44.799599) with 365/500 successful points in 37.92 s
Saved column 172/500 (ΔCa=-36.432866) with 500/500 successful points in 47.19 s
Saved column 255/500 (ΔCa=-32.274549) with 500/500 successful points in 50.11 s
Saved column 89/500 (ΔCa=-40.591182) with 500/500 successful points in 42.74 s
Saved column 338/500 (ΔCa=-28.116232) with 500/500 successful points in 57.26 s
Saved column 6/500 (ΔCa=-44.749499) with 372/500 successful points in 40.34 s
Saved column 421/500 (ΔCa=-23.957916) with 500/500 successful points in 62.82 s
Saved column 173/500 (ΔCa=-36.382766) with 500/500 successful points in 50.92 s
Saved column 90/500 (ΔCa=-40.541082) with 500/500 successful points in 43.75 s
Saved column 256/500 (ΔCa=-32.224449) with 500/500 successful points in 52.04 s
Saved column 7/500 (ΔCa=-44.699399) with 379/500 successful points in 37.70 s
Saved column 339/500 (ΔCa=-28.066132) with 500/500 successful points in 53.82 s
Saved column 174/500 (ΔCa=-36.332665) with 500/500 successful points in 43.51 s
Saved column 91/500 (ΔCa=-40.490982) with 500/500 successful points in 38.77 s
Saved column 422/500 (ΔCa=-23.907816) with 500/500 successful points in 56.07 s
Saved column 257/500 (ΔCa=-32.174349) with 500/500 successful points in 49.51 s
Saved column 8/500 (ΔCa=-44.649299) with 387/500 successful points in 38.84 s
Saved column 340/500 (ΔCa=-28.016032) with 500/500 successful points in 57.73 s
Saved column 92/500 (ΔCa=-40.440882) with 500/500 successful points in 45.16 s
Saved column 175/500 (ΔCa=-36.282565) with 500/500 successful points in 52.17 s
Saved column 9/500 (ΔCa=-44.599198) with 401/500 successful points in 39.67 s
Saved column 258/500 (ΔCa=-32.124248) with 500/500 successful points in 51.40 s
Saved column 423/500 (ΔCa=-23.857715) with 500/500 successful points in 60.89 s
Saved column 93/500 (ΔCa=-40.390782) with 500/500 successful points in 43.38 s
Saved column 10/500 (ΔCa=-44.549098) with 409/500 successful points in 39.50 s
Saved column 176/500 (ΔCa=-36.232465) with 500/500 successful points in 49.95 s
Saved column 341/500 (ΔCa=-27.965932) with 500/500 successful points in 58.15 s
Saved column 259/500 (ΔCa=-32.074148) with 500/500 successful points in 56.09 s
Saved column 424/500 (ΔCa=-23.807615) with 500/500 successful points in 67.35 s
Saved column 94/500 (ΔCa=-40.340681) with 500/500 successful points in 48.36 s
Saved column 11/500 (ΔCa=-44.498998) with 416/500 successful points in 44.30 s
Saved column 177/500 (ΔCa=-36.182365) with 500/500 successful points in 53.45 s
Saved column 342/500 (ΔCa=-27.915832) with 500/500 successful points in 61.63 s
Saved column 260/500 (ΔCa=-32.024048) with 500/500 successful points in 57.05 s
Saved column 12/500 (ΔCa=-44.448898) with 423/500 successful points in 42.12 s
Saved column 95/500 (ΔCa=-40.290581) with 500/500 successful points in 45.91 s
Saved column 425/500 (ΔCa=-23.757515) with 500/500 successful points in 66.66 s
Saved column 178/500 (ΔCa=-36.132265) with 500/500 successful points in 54.41 s
Saved column 13/500 (ΔCa=-44.398798) with 431/500 successful points in 46.37 s
Saved column 343/500 (ΔCa=-27.865731) with 500/500 successful points in 63.60 s
Saved column 96/500 (ΔCa=-40.240481) with 500/500 successful points in 50.08 s
Saved column 261/500 (ΔCa=-31.973948) with 500/500 successful points in 59.25 s
Saved column 179/500 (ΔCa=-36.082164) with 500/500 successful points in 54.01 s
Saved column 426/500 (ΔCa=-23.707415) with 500/500 successful points in 69.29 s
Saved column 14/500 (ΔCa=-44.348697) with 433/500 successful points in 46.63 s
Saved column 97/500 (ΔCa=-40.190381) with 500/500 successful points in 47.84 s
Saved column 344/500 (ΔCa=-27.815631) with 500/500 successful points in 62.07 s
Saved column 262/500 (ΔCa=-31.923848) with 500/500 successful points in 57.75 s
Saved column 180/500 (ΔCa=-36.032064) with 500/500 successful points in 52.49 s
Saved column 15/500 (ΔCa=-44.298597) with 441/500 successful points in 43.08 s
Saved column 98/500 (ΔCa=-40.140281) with 500/500 successful points in 46.70 s
Saved column 427/500 (ΔCa=-23.657315) with 500/500 successful points in 63.98 s
Saved column 345/500 (ΔCa=-27.765531) with 500/500 successful points in 60.36 s
Saved column 263/500 (ΔCa=-31.873747) with 500/500 successful points in 56.39 s
Saved column 16/500 (ΔCa=-44.248497) with 449/500 successful points in 44.12 s
Saved column 181/500 (ΔCa=-35.981964) with 500/500 successful points in 52.49 s
Saved column 99/500 (ΔCa=-40.090180) with 500/500 successful points in 49.86 s
Saved column 428/500 (ΔCa=-23.607214) with 500/500 successful points in 66.48 s
Saved column 17/500 (ΔCa=-44.198397) with 458/500 successful points in 44.71 s
Saved column 264/500 (ΔCa=-31.823647) with 500/500 successful points in 57.89 s
Saved column 346/500 (ΔCa=-27.715431) with 500/500 successful points in 61.56 s
Saved column 182/500 (ΔCa=-35.931864) with 500/500 successful points in 52.69 s
Saved column 100/500 (ΔCa=-40.040080) with 500/500 successful points in 49.30 s
Saved column 18/500 (ΔCa=-44.148297) with 466/500 successful points in 46.24 s
Saved column 265/500 (ΔCa=-31.773547) with 500/500 successful points in 60.28 s
Saved column 429/500 (ΔCa=-23.557114) with 500/500 successful points in 69.83 s
Saved column 183/500 (ΔCa=-35.881764) with 500/500 successful points in 55.38 s
Saved column 347/500 (ΔCa=-27.665331) with 500/500 successful points in 63.82 s
Saved column 101/500 (ΔCa=-39.989980) with 500/500 successful points in 48.68 s
Saved column 19/500 (ΔCa=-44.098196) with 482/500 successful points in 44.22 s
Saved column 102/500 (ΔCa=-39.939880) with 500/500 successful points in 45.18 s
Saved column 184/500 (ΔCa=-35.831663) with 500/500 successful points in 50.25 s
Saved column 266/500 (ΔCa=-31.723447) with 500/500 successful points in 54.34 s
Saved column 430/500 (ΔCa=-23.507014) with 500/500 successful points in 62.41 s
Saved column 348/500 (ΔCa=-27.615230) with 500/500 successful points in 57.87 s
Saved column 20/500 (ΔCa=-44.048096) with 489/500 successful points in 41.93 s
Saved column 103/500 (ΔCa=-39.889780) with 500/500 successful points in 52.97 s
Saved column 185/500 (ΔCa=-35.781563) with 500/500 successful points in 59.10 s
Saved column 267/500 (ΔCa=-31.673347) with 500/500 successful points in 63.39 s
Saved column 21/500 (ΔCa=-43.997996) with 492/500 successful points in 50.89 s
Saved column 349/500 (ΔCa=-27.565130) with 500/500 successful points in 68.65 s
Saved column 431/500 (ΔCa=-23.456914) with 500/500 successful points in 73.77 s
Saved column 104/500 (ΔCa=-39.839679) with 500/500 successful points in 52.23 s
Saved column 22/500 (ΔCa=-43.947896) with 500/500 successful points in 46.87 s
Saved column 186/500 (ΔCa=-35.731463) with 500/500 successful points in 55.35 s
Saved column 268/500 (ΔCa=-31.623246) with 500/500 successful points in 60.64 s
Saved column 350/500 (ΔCa=-27.515030) with 500/500 successful points in 66.41 s
Saved column 432/500 (ΔCa=-23.406814) with 500/500 successful points in 71.29 s
Saved column 105/500 (ΔCa=-39.789579) with 500/500 successful points in 54.12 s
Saved column 23/500 (ΔCa=-43.897796) with 500/500 successful points in 48.93 s
Saved column 187/500 (ΔCa=-35.681363) with 500/500 successful points in 57.08 s
Saved column 269/500 (ΔCa=-31.573146) with 500/500 successful points in 64.80 s
Saved column 24/500 (ΔCa=-43.847695) with 500/500 successful points in 49.02 s
Saved column 106/500 (ΔCa=-39.739479) with 500/500 successful points in 53.42 s
Saved column 351/500 (ΔCa=-27.464930) with 500/500 successful points in 66.61 s
Saved column 433/500 (ΔCa=-23.356713) with 500/500 successful points in 71.18 s
Saved column 188/500 (ΔCa=-35.631263) with 500/500 successful points in 57.25 s
Saved column 270/500 (ΔCa=-31.523046) with 500/500 successful points in 60.81 s
Saved column 25/500 (ΔCa=-43.797595) with 500/500 successful points in 46.68 s
Saved column 107/500 (ΔCa=-39.689379) with 500/500 successful points in 51.33 s
Saved column 352/500 (ΔCa=-27.414830) with 500/500 successful points in 63.65 s
Saved column 189/500 (ΔCa=-35.581162) with 500/500 successful points in 53.79 s
Saved column 434/500 (ΔCa=-23.306613) with 500/500 successful points in 66.47 s
Saved column 26/500 (ΔCa=-43.747495) with 500/500 successful points in 43.16 s
Saved column 271/500 (ΔCa=-31.472946) with 500/500 successful points in 56.72 s
Saved column 108/500 (ΔCa=-39.639279) with 500/500 successful points in 46.50 s
Saved column 190/500 (ΔCa=-35.531062) with 500/500 successful points in 53.43 s
Saved column 353/500 (ΔCa=-27.364729) with 500/500 successful points in 62.52 s
Saved column 27/500 (ΔCa=-43.697395) with 500/500 successful points in 47.05 s
Saved column 435/500 (ΔCa=-23.256513) with 500/500 successful points in 67.77 s
Saved column 109/500 (ΔCa=-39.589178) with 500/500 successful points in 51.42 s
Saved column 272/500 (ΔCa=-31.422846) with 500/500 successful points in 61.04 s
Saved column 191/500 (ΔCa=-35.480962) with 500/500 successful points in 128.48 s
Saved column 28/500 (ΔCa=-43.647295) with 500/500 successful points in 118.81 s
Saved column 354/500 (ΔCa=-27.314629) with 500/500 successful points in 184.47 s
Saved column 110/500 (ΔCa=-39.539078) with 500/500 successful points in 202.67 s
Saved column 436/500 (ΔCa=-23.206413) with 500/500 successful points in 241.22 s
Saved column 273/500 (ΔCa=-31.372745) with 500/500 successful points in 234.54 s
Saved column 29/500 (ΔCa=-43.597194) with 500/500 successful points in 159.25 s
Saved column 192/500 (ΔCa=-35.430862) with 500/500 successful points in 181.48 s
Saved column 111/500 (ΔCa=-39.488978) with 500/500 successful points in 100.91 s
Saved column 355/500 (ΔCa=-27.264529) with 500/500 successful points in 144.61 s
Saved column 30/500 (ΔCa=-43.547094) with 500/500 successful points in 59.74 s
Saved column 274/500 (ΔCa=-31.322645) with 500/500 successful points in 85.26 s
Saved column 437/500 (ΔCa=-23.156313) with 500/500 successful points in 92.65 s
Saved column 193/500 (ΔCa=-35.380762) with 500/500 successful points in 56.21 s
Saved column 112/500 (ΔCa=-39.438878) with 500/500 successful points in 44.51 s
Saved column 356/500 (ΔCa=-27.214429) with 500/500 successful points in 56.02 s
Saved column 31/500 (ΔCa=-43.496994) with 500/500 successful points in 41.16 s
Saved column 275/500 (ΔCa=-31.272545) with 500/500 successful points in 53.68 s
Saved column 438/500 (ΔCa=-23.106212) with 500/500 successful points in 59.65 s
Saved column 194/500 (ΔCa=-35.330661) with 500/500 successful points in 50.94 s
Saved column 113/500 (ΔCa=-39.388778) with 500/500 successful points in 45.58 s
Saved column 32/500 (ΔCa=-43.446894) with 500/500 successful points in 41.29 s
Saved column 357/500 (ΔCa=-27.164329) with 500/500 successful points in 57.59 s
Saved column 276/500 (ΔCa=-31.222445) with 500/500 successful points in 55.56 s
Saved column 114/500 (ΔCa=-39.338677) with 500/500 successful points in 47.72 s
Saved column 195/500 (ΔCa=-35.280561) with 500/500 successful points in 53.89 s
Saved column 33/500 (ΔCa=-43.396794) with 500/500 successful points in 44.98 s
Saved column 439/500 (ΔCa=-23.056112) with 500/500 successful points in 65.11 s
Saved column 358/500 (ΔCa=-27.114228) with 500/500 successful points in 66.71 s
Saved column 115/500 (ΔCa=-39.288577) with 500/500 successful points in 52.51 s
Saved column 34/500 (ΔCa=-43.346693) with 500/500 successful points in 45.91 s
Saved column 277/500 (ΔCa=-31.172345) with 500/500 successful points in 62.43 s
Saved column 196/500 (ΔCa=-35.230461) with 500/500 successful points in 57.85 s
Saved column 440/500 (ΔCa=-23.006012) with 500/500 successful points in 63.94 s
Saved column 35/500 (ΔCa=-43.296593) with 500/500 successful points in 40.83 s
Saved column 116/500 (ΔCa=-39.238477) with 500/500 successful points in 46.17 s
Saved column 359/500 (ΔCa=-27.064128) with 500/500 successful points in 58.31 s
Saved column 278/500 (ΔCa=-31.122244) with 500/500 successful points in 55.51 s
Saved column 197/500 (ΔCa=-35.180361) with 500/500 successful points in 51.50 s
Saved column 36/500 (ΔCa=-43.246493) with 500/500 successful points in 41.74 s
Saved column 441/500 (ΔCa=-22.955912) with 500/500 successful points in 60.61 s
Saved column 117/500 (ΔCa=-39.188377) with 500/500 successful points in 46.71 s
Saved column 360/500 (ΔCa=-27.014028) with 500/500 successful points in 59.02 s
Saved column 198/500 (ΔCa=-35.130261) with 500/500 successful points in 51.78 s
Saved column 279/500 (ΔCa=-31.072144) with 500/500 successful points in 56.10 s
Saved column 37/500 (ΔCa=-43.196393) with 500/500 successful points in 41.10 s
Saved column 118/500 (ΔCa=-39.138277) with 500/500 successful points in 46.42 s
Saved column 442/500 (ΔCa=-22.905812) with 500/500 successful points in 60.61 s
Saved column 199/500 (ΔCa=-35.080160) with 500/500 successful points in 51.51 s
Saved column 38/500 (ΔCa=-43.146293) with 500/500 successful points in 41.62 s
Saved column 361/500 (ΔCa=-26.963928) with 500/500 successful points in 59.00 s
Saved column 280/500 (ΔCa=-31.022044) with 500/500 successful points in 56.01 s
Saved column 119/500 (ΔCa=-39.088176) with 499/500 successful points in 46.00 s
Saved column 443/500 (ΔCa=-22.855711) with 500/500 successful points in 60.23 s
Saved column 39/500 (ΔCa=-43.096192) with 500/500 successful points in 41.31 s
Saved column 200/500 (ΔCa=-35.030060) with 500/500 successful points in 51.80 s
Saved column 281/500 (ΔCa=-30.971944) with 500/500 successful points in 56.21 s
Saved column 362/500 (ΔCa=-26.913828) with 500/500 successful points in 59.33 s
Saved column 120/500 (ΔCa=-39.038076) with 500/500 successful points in 46.46 s
Saved column 40/500 (ΔCa=-43.046092) with 500/500 successful points in 41.95 s
Saved column 201/500 (ΔCa=-34.979960) with 500/500 successful points in 51.64 s
Saved column 444/500 (ΔCa=-22.805611) with 500/500 successful points in 60.54 s
Saved column 121/500 (ΔCa=-38.987976) with 500/500 successful points in 50.22 s
Saved column 282/500 (ΔCa=-30.921844) with 500/500 successful points in 63.12 s
Saved column 363/500 (ΔCa=-26.863727) with 500/500 successful points in 65.72 s
Saved column 41/500 (ΔCa=-42.995992) with 500/500 successful points in 48.14 s
Saved column 202/500 (ΔCa=-34.929860) with 500/500 successful points in 57.23 s
Saved column 122/500 (ΔCa=-38.937876) with 500/500 successful points in 47.31 s
Saved column 445/500 (ΔCa=-22.755511) with 500/500 successful points in 65.17 s
Saved column 42/500 (ΔCa=-42.945892) with 500/500 successful points in 40.01 s
Saved column 283/500 (ΔCa=-30.871743) with 500/500 successful points in 54.57 s
Saved column 364/500 (ΔCa=-26.813627) with 500/500 successful points in 57.06 s
Saved column 123/500 (ΔCa=-38.887776) with 500/500 successful points in 44.38 s
Saved column 203/500 (ΔCa=-34.879760) with 500/500 successful points in 49.85 s
Saved column 43/500 (ΔCa=-42.895792) with 500/500 successful points in 40.48 s
Saved column 446/500 (ΔCa=-22.705411) with 500/500 successful points in 58.00 s
Saved column 284/500 (ΔCa=-30.821643) with 500/500 successful points in 54.19 s
Saved column 365/500 (ΔCa=-26.763527) with 500/500 successful points in 57.16 s
Saved column 124/500 (ΔCa=-38.837675) with 500/500 successful points in 45.23 s
Saved column 44/500 (ΔCa=-42.845691) with 500/500 successful points in 40.17 s
Saved column 204/500 (ΔCa=-34.829659) with 500/500 successful points in 50.44 s
Saved column 447/500 (ΔCa=-22.655311) with 500/500 successful points in 57.71 s
Saved column 285/500 (ΔCa=-30.771543) with 500/500 successful points in 54.70 s
Saved column 45/500 (ΔCa=-42.795591) with 500/500 successful points in 40.23 s
Saved column 125/500 (ΔCa=-38.787575) with 500/500 successful points in 44.89 s
Saved column 366/500 (ΔCa=-26.713427) with 500/500 successful points in 56.88 s
Saved column 205/500 (ΔCa=-34.779559) with 500/500 successful points in 50.50 s
Saved column 46/500 (ΔCa=-42.745491) with 500/500 successful points in 40.64 s
Saved column 448/500 (ΔCa=-22.605210) with 500/500 successful points in 57.70 s
Saved column 126/500 (ΔCa=-38.737475) with 500/500 successful points in 45.28 s
Saved column 286/500 (ΔCa=-30.721443) with 500/500 successful points in 55.30 s
Saved column 367/500 (ΔCa=-26.663327) with 500/500 successful points in 57.18 s
Saved column 206/500 (ΔCa=-34.729459) with 500/500 successful points in 50.71 s
Saved column 47/500 (ΔCa=-42.695391) with 500/500 successful points in 40.48 s
Saved column 127/500 (ΔCa=-38.687375) with 499/500 successful points in 45.66 s
Saved column 287/500 (ΔCa=-30.671343) with 500/500 successful points in 55.72 s
Saved column 449/500 (ΔCa=-22.555110) with 500/500 successful points in 58.03 s
Saved column 207/500 (ΔCa=-34.679359) with 500/500 successful points in 51.12 s
Saved column 368/500 (ΔCa=-26.613226) with 500/500 successful points in 58.33 s
Saved column 48/500 (ΔCa=-42.645291) with 500/500 successful points in 40.57 s
Saved column 128/500 (ΔCa=-38.637275) with 500/500 successful points in 45.75 s
Saved column 288/500 (ΔCa=-30.621242) with 500/500 successful points in 56.25 s
Saved column 49/500 (ΔCa=-42.595190) with 500/500 successful points in 41.17 s
Saved column 450/500 (ΔCa=-22.505010) with 500/500 successful points in 58.25 s
Saved column 208/500 (ΔCa=-34.629259) with 500/500 successful points in 51.77 s
Saved column 369/500 (ΔCa=-26.563126) with 500/500 successful points in 59.30 s
Saved column 129/500 (ΔCa=-38.587174) with 500/500 successful points in 47.28 s
Saved column 50/500 (ΔCa=-42.545090) with 500/500 successful points in 42.51 s
Saved column 289/500 (ΔCa=-30.571142) with 500/500 successful points in 57.88 s
Saved column 209/500 (ΔCa=-34.579158) with 500/500 successful points in 52.95 s
Saved column 451/500 (ΔCa=-22.454910) with 500/500 successful points in 59.45 s
Saved column 130/500 (ΔCa=-38.537074) with 500/500 successful points in 47.01 s
Saved column 370/500 (ΔCa=-26.513026) with 500/500 successful points in 60.19 s
Saved column 51/500 (ΔCa=-42.494990) with 500/500 successful points in 41.43 s
Saved column 210/500 (ΔCa=-34.529058) with 500/500 successful points in 52.18 s
Saved column 290/500 (ΔCa=-30.521042) with 500/500 successful points in 57.61 s
Saved column 131/500 (ΔCa=-38.486974) with 500/500 successful points in 47.22 s
Saved column 452/500 (ΔCa=-22.404810) with 500/500 successful points in 58.64 s
Saved column 52/500 (ΔCa=-42.444890) with 500/500 successful points in 41.46 s
Saved column 371/500 (ΔCa=-26.462926) with 500/500 successful points in 59.48 s
